<html>
<body>
<pre>
<h1>µVision Build Log</h1>
<h2>Tool Versions:</h2>
IDE-Version: µVision V5.24.2.0
Copyright (C) 2017 ARM Ltd and ARM Germany GmbH. All rights reserved.
License Information: al gao, cqu, LIC=1WS74-FXUBD-UK7B6-D1AUN-J4CUQ-YWS0Q
 
Tool Versions:
Toolchain:       MDK-ARM Professional  Version: 5.24.1
Toolchain Path:  C:\Keil_v5\ARM\ARMCC\Bin
C Compiler:      Armcc.exe V5.06 update 5 (build 528)
Assembler:       Armasm.exe V5.06 update 5 (build 528)
Linker/Locator:  ArmLink.exe V5.06 update 5 (build 528)
Library Manager: ArmAr.exe V5.06 update 5 (build 528)
Hex Converter:   FromElf.exe V5.06 update 5 (build 528)
CPU DLL:         SARMCM3.DLL V5.24.1
Dialog DLL:      DCM.DLL V1.16.0.0
Target DLL:      Segger\JL2CM3.dll V2.99.26.0
Dialog DLL:      TCM.DLL V1.32.0.0
 
<h2>Project:</h2>
E:\ucosiii\Micrium_STM32F429II-SK_OS3\Micrium\Examples\ST\STM32F429II-SK\OS3\KeilMDK\OS3.uvproj
Project File Date:  10/20/2019

<h2>Output:</h2>
*** Using Compiler 'V5.06 update 5 (build 528)', folder: 'C:\Keil_v5\ARM\ARMCC\Bin'
Rebuild target 'FLASH'
compiling os_app_hooks.c...
compiling bsp.c...
compiling app.c...
..\app.c(288): warning:  #1035-D: single-precision operand implicitly converted to double-precision
          while (((2.00 * eps) < delta) || 
..\app.c(290): warning:  #1035-D: single-precision operand implicitly converted to double-precision
              c   = (a + b) / 2.00;
..\app.c(294): warning:  #1035-D: single-precision operand implicitly converted to double-precision
              if (((f_a > 0.0) && (f_c < 0.0)) || 
..\app.c(294): warning:  #1035-D: single-precision operand implicitly converted to double-precision
              if (((f_a > 0.0) && (f_c < 0.0)) || 
..\app.c(295): warning:  #1035-D: single-precision operand implicitly converted to double-precision
                  ((f_a < 0.0) && (f_c > 0.0))) {
..\app.c(295): warning:  #1035-D: single-precision operand implicitly converted to double-precision
                  ((f_a < 0.0) && (f_c > 0.0))) {
..\app.c(297): warning:  #1035-D: single-precision operand implicitly converted to double-precision
              } else if (((f_a > 0.0) && (f_c > 0.0)) || 
..\app.c(297): warning:  #1035-D: single-precision operand implicitly converted to double-precision
              } else if (((f_a > 0.0) && (f_c > 0.0)) || 
..\app.c(298): warning:  #1035-D: single-precision operand implicitly converted to double-precision
                         ((f_a < 0.0) && (f_c < 0.0))) {
..\app.c(298): warning:  #1035-D: single-precision operand implicitly converted to double-precision
                         ((f_a < 0.0) && (f_c < 0.0))) {
..\app.c: 10 warnings, 0 errors
assembling cstartup.s...
compiling cpu_core.c...
compiling bsp_int.c...
assembling cpu_a.asm...
compiling cpu_c.c...
compiling lib_ascii.c...
compiling lib_math.c...
compiling bsp_periph.c...
compiling lib_mem.c...
assembling lib_mem_a.asm...
compiling lib_str.c...
assembling os_cpu_a.asm...
compiling os_cpu_c.c...
compiling os_cfg_app.c...
compiling os_core.c...
compiling os_dbg.c...
compiling os_flag.c...
compiling os_int.c...
compiling os_mem.c...
compiling os_msg.c...
compiling os_pend_multi.c...
compiling os_mutex.c...
compiling os_prio.c...
compiling os_q.c...
compiling os_sem.c...
compiling os_stat.c...
compiling os_tick.c...
compiling os_task.c...
compiling os_time.c...
compiling os_tmr.c...
compiling os_var.c...
compiling misc.c...
compiling stm32f4xx_adc.c...
compiling stm32f4xx_can.c...
compiling stm32f4xx_crc.c...
compiling stm32f4xx_cryp.c...
compiling stm32f4xx_cryp_aes.c...
compiling stm32f4xx_cryp_des.c...
compiling stm32f4xx_cryp_tdes.c...
compiling stm32f4xx_dac.c...
compiling stm32f4xx_dbgmcu.c...
compiling stm32f4xx_dcmi.c...
compiling stm32f4xx_dma.c...
compiling stm32f4xx_exti.c...
compiling stm32f4xx_flash.c...
compiling stm32f4xx_fsmc.c...
compiling stm32f4xx_gpio.c...
compiling stm32f4xx_hash.c...
compiling stm32f4xx_hash_md5.c...
compiling stm32f4xx_hash_sha1.c...
compiling stm32f4xx_i2c.c...
compiling stm32f4xx_iwdg.c...
compiling stm32f4xx_pwr.c...
compiling stm32f4xx_rcc.c...
compiling stm32f4xx_rng.c...
compiling stm32f4xx_rtc.c...
compiling stm32f4xx_sdio.c...
compiling stm32f4xx_spi.c...
compiling stm32f4xx_syscfg.c...
compiling stm32f4xx_usart.c...
compiling stm32f4xx_tim.c...
compiling stm32f4xx_wwdg.c...
linking...
Program Size: Code=45072 RO-data=1760 RW-data=240 ZI-data=12496  
".\Obj\uCOS-III.axf" - 0 Error(s), 10 Warning(s).
Build Time Elapsed:  00:00:42
</pre>
</body>
</html>
