Component: ARM Compiler 5.06 update 5 (build 528) Tool: armlink [4d35e2]

==============================================================================

Section Cross References

    app.o(.text) refers to f2d.o(.text) for __aeabi_f2d
    app.o(.text) refers to dmul.o(.text) for __aeabi_dmul
    app.o(.text) refers to d2f.o(.text) for __aeabi_d2f
    app.o(.text) refers to ddiv.o(.text) for __aeabi_ddiv
    app.o(.text) refers to cos.o(i.__hardfp_cos) for __hardfp_cos
    app.o(.text) refers to sin.o(i.__hardfp_sin) for __hardfp_sin
    app.o(.text) refers to dadd.o(.text) for __aeabi_dsub
    app.o(.text) refers to exp.o(i.__hardfp_exp) for __hardfp_exp
    app.o(.text) refers to cdrcmple.o(.text) for __aeabi_cdrcmple
    app.o(.text) refers to cdcmple.o(.text) for __aeabi_cdcmple
    app.o(.text) refers to lib_math.o(.text) for Math_Rand
    app.o(.text) refers to os_task.o(.text) for OSTaskCreate
    app.o(.text) refers to bsp.o(.text) for BSP_Init
    app.o(.text) refers to os_stat.o(.text) for OSStatTaskCPUUsageInit
    app.o(.text) refers to os_time.o(.text) for OSTimeDlyHMSM
    app.o(.text) refers to app.o(.bss) for App_TaskEq0FpStk
    app.o(.text) refers to bsp_int.o(.text) for BSP_IntDisAll
    app.o(.text) refers to cpu_core.o(.text) for CPU_Init
    app.o(.text) refers to lib_mem.o(.text) for Mem_Init
    app.o(.text) refers to os_core.o(.text) for OSInit
    os_app_hooks.o(.text) refers to cpu_a.o(.text) for CPU_SR_Save
    os_app_hooks.o(.text) refers to os_var.o(.data) for OS_AppTaskCreateHookPtr
    bsp.o(.text) refers to bsp_periph.o(.text) for BSP_PeriphEn
    bsp.o(.text) refers to stm32f4xx_gpio.o(.text) for GPIO_Init
    bsp.o(.text) refers to bsp_int.o(.text) for BSP_IntInit
    bsp.o(.text) refers to stm32f4xx_rcc.o(.text) for RCC_GetClocksFreq
    bsp.o(.text) refers to os_cpu_c.o(.text) for OS_CPU_SysTickInit
    bsp.o(.text) refers to cpu_core.o(.text) for CPU_TS_TmrFreqSet
    bsp.o(.text) refers to uldiv.o(.text) for __aeabi_uldivmod
    bsp.o(.text) refers to os_cfg_app.o(.constdata) for OSCfg_TickRate_Hz
    bsp_int.o(.text) refers to cpu_c.o(.text) for CPU_IntSrcDis
    bsp_int.o(.text) refers to cpu_a.o(.text) for CPU_IntDis
    bsp_int.o(.text) refers to os_core.o(.text) for OSIntEnter
    bsp_int.o(.text) refers to bsp_int.o(.bss) for BSP_IntVectTbl
    bsp_periph.o(.text) refers to bsp.o(.text) for BSP_CPU_ClkFreq
    cstartup.o(RESET) refers to cstartup.o(STACK) for __initial_sp
    cstartup.o(RESET) refers to cstartup.o(.text) for Reset_Handler
    cstartup.o(RESET) refers to os_cpu_a.o(CODE) for OS_CPU_PendSVHandler
    cstartup.o(RESET) refers to os_cpu_c.o(.text) for OS_CPU_SysTickHandler
    cstartup.o(RESET) refers to bsp_int.o(.text) for BSP_IntHandlerWWDG
    cstartup.o(.text) refers to entry.o(.ARM.Collect$$$$00000000) for __main
    cpu_core.o(.text) refers to cpu_a.o(.text) for CPU_SR_Save
    cpu_core.o(.text) refers to lib_mem.o(.text) for Mem_Clr
    cpu_core.o(.text) refers to bsp.o(.text) for CPU_TS_TmrInit
    cpu_core.o(.text) refers to lib_str.o(.text) for Str_Copy_N
    cpu_core.o(.text) refers to cpu_core.o(.bss) for CPU_Name
    cpu_core.o(.text) refers to cpu_core.o(.data) for CPU_TS_TmrFreq_Hz
    cpu_core.o(.text) refers to cpu_core.o(.constdata) for CPU_CntLeadZerosTbl
    cpu_c.o(.text) refers to cpu_a.o(.text) for CPU_SR_Save
    lib_math.o(.text) refers to cpu_a.o(.text) for CPU_SR_Save
    lib_math.o(.text) refers to lib_math.o(.data) for Math_RandSeedCur
    lib_mem.o(.text) refers to cpu_a.o(.text) for CPU_SR_Save
    lib_mem.o(.text) refers to cpu_core.o(.text) for CPU_SW_Exception
    lib_mem.o(.text) refers to lib_mem_a.o(.text) for Mem_Copy
    lib_mem.o(.text) refers to lib_mem.o(.data) for Mem_SegHeadPtr
    lib_mem.o(.text) refers to lib_mem.o(.bss) for Mem_Heap
    lib_str.o(.text) refers to lib_ascii.o(.text) for ASCII_ToLower
    lib_str.o(.text) refers to lib_str.o(.constdata) for Str_MultOvfThTbl_Int32U
    os_cpu_a.o(CODE) refers (Special) to os_core.o(.text) for OSIntExit
    os_cpu_a.o(CODE) refers (Special) to os_var.o(.data) for OSRunning
    os_cpu_a.o(CODE) refers to os_cpu_c.o(.data) for OS_CPU_ExceptStkBase
    os_cpu_a.o(CODE) refers to os_cpu_c.o(.text) for OSTaskSwHook
    os_cpu_c.o(.text) refers to os_cpu_a.o(CODE) for OS_CPU_FP_Reg_Push
    os_cpu_c.o(.text) refers to bsp.o(.text) for CPU_TS_TmrRd
    os_cpu_c.o(.text) refers to cpu_a.o(.text) for CPU_SR_Save
    os_cpu_c.o(.text) refers to os_time.o(.text) for OSTimeTick
    os_cpu_c.o(.text) refers to os_core.o(.text) for OSIntExit
    os_cpu_c.o(.text) refers to os_var.o(.data) for OS_AppIdleTaskHookPtr
    os_cpu_c.o(.text) refers to os_cfg_app.o(.constdata) for OSCfg_ISRStkBasePtr
    os_cpu_c.o(.text) refers to os_cpu_c.o(.data) for OS_CPU_ExceptStkBase
    os_cpu_c.o(.text) refers to os_task.o(.text) for OS_TaskReturn
    os_cfg_app.o(.constdata) refers to os_cfg_app.o(.bss) for OSCfg_IdleTaskStk
[...]
    .text                                    0x080035b8   Section      544  lib_mem_a.o(.text)
    $v0                                      0x080035b8   Number         0  lib_mem_a.o(.text)
    .text                                    0x080037d8   Section        0  os_cpu_c.o(.text)
    .text                                    0x08003c68   Section        0  os_cfg_app.o(.text)
    .text                                    0x08003c6c   Section        0  os_core.o(.text)
    .text                                    0x080047f4   Section        0  os_dbg.o(.text)
    .text                                    0x0800499c   Section        0  os_flag.o(.text)
    .text                                    0x08005430   Section        0  os_mem.o(.text)
    .text                                    0x08005618   Section        0  os_msg.o(.text)
    .text                                    0x08005840   Section        0  os_mutex.o(.text)
    .text                                    0x08005ff0   Section        0  os_prio.o(.text)
    .text                                    0x0800606c   Section        0  os_q.o(.text)
    .text                                    0x080066e0   Section        0  os_sem.o(.text)
    .text                                    0x08006d68   Section        0  os_stat.o(.text)
    .text                                    0x08007310   Section        0  os_task.o(.text)
    .text                                    0x08008600   Section        0  os_tick.o(.text)
    OS_TickListUpdateTimeout                 0x08008601   Thumb Code   272  os_tick.o(.text)
    OS_TickListUpdateDly                     0x08008711   Thumb Code   146  os_tick.o(.text)
    .text                                    0x08008a5c   Section        0  os_time.o(.text)
    .text                                    0x08008e64   Section        0  os_tmr.o(.text)
    OS_TmrUnlock                             0x08008e65   Thumb Code    14  os_tmr.o(.text)
    OS_TmrLock                               0x08008e95   Thumb Code    20  os_tmr.o(.text)
    .text                                    0x080094cc   Section        0  stm32f4xx_gpio.o(.text)
    .text                                    0x08009728   Section        0  stm32f4xx_rcc.o(.text)
    .text                                    0x08009cb0   Section        0  uldiv.o(.text)
    .text                                    0x08009d12   Section        0  dadd.o(.text)
    .text                                    0x08009e60   Section        0  dmul.o(.text)
    .text                                    0x08009f44   Section        0  ddiv.o(.text)
    .text                                    0x0800a022   Section        0  f2d.o(.text)
    .text                                    0x0800a048   Section       48  cdcmple.o(.text)
    .text                                    0x0800a078   Section       48  cdrcmple.o(.text)
    .text                                    0x0800a0a8   Section        0  d2f.o(.text)
    .text                                    0x0800a0e0   Section        0  llshl.o(.text)
    .text                                    0x0800a0fe   Section        0  llushr.o(.text)
    .text                                    0x0800a11e   Section        0  llsshr.o(.text)
    .text                                    0x0800a142   Section        0  fepilogue.o(.text)
    .text                                    0x0800a142   Section        0  iusefp.o(.text)
    .text                                    0x0800a1b0   Section        0  depilogue.o(.text)
    .text                                    0x0800a26a   Section        0  dflti.o(.text)
    .text                                    0x0800a28c   Section        0  dfixi.o(.text)
    .text                                    0x0800a2cc   Section       36  init.o(.text)
    .text                                    0x0800a2f0   Section        0  dfltui.o(.text)
    CODE                                     0x0800a30c   Section      268  os_cpu_a.o(CODE)
    $v0                                      0x0800a30c   Number         0  os_cpu_a.o(CODE)
    i.__ARM_fpclassify                       0x0800a418   Section        0  fpclassify.o(i.__ARM_fpclassify)
    i.__hardfp_cos                           0x0800a448   Section        0  cos.o(i.__hardfp_cos)
    i.__hardfp_exp                           0x0800a510   Section        0  exp.o(i.__hardfp_exp)
    i.__hardfp_sin                           0x0800a868   Section        0  sin.o(i.__hardfp_sin)
    i.__ieee754_rem_pio2                     0x0800a930   Section        0  rred.o(i.__ieee754_rem_pio2)
    i.__kernel_cos                           0x0800ad68   Section        0  cos_i.o(i.__kernel_cos)
    i.__kernel_poly                          0x0800aed8   Section        0  poly.o(i.__kernel_poly)
    i.__kernel_sin                           0x0800afd0   Section        0  sin_i.o(i.__kernel_sin)
    i.__mathlib_dbl_infnan                   0x0800b100   Section        0  dunder.o(i.__mathlib_dbl_infnan)
    i.__mathlib_dbl_invalid                  0x0800b118   Section        0  dunder.o(i.__mathlib_dbl_invalid)
    i.__mathlib_dbl_overflow                 0x0800b138   Section        0  dunder.o(i.__mathlib_dbl_overflow)
    i.__mathlib_dbl_underflow                0x0800b158   Section        0  dunder.o(i.__mathlib_dbl_underflow)
    i.__scatterload_copy                     0x0800b178   Section       14  handlers.o(i.__scatterload_copy)
    i.__scatterload_null                     0x0800b186   Section        2  handlers.o(i.__scatterload_null)
    i.__scatterload_zeroinit                 0x0800b188   Section       14  handlers.o(i.__scatterload_zeroinit)
    i.__set_errno                            0x0800b198   Section        0  errno.o(i.__set_errno)
    i.fabs                                   0x0800b1a4   Section        0  fabs.o(i.fabs)
    .constdata                               0x0800b1bc   Section      260  cpu_core.o(.constdata)
    CPU_CntLeadZerosTbl                      0x0800b1bc   Data         256  cpu_core.o(.constdata)
    .constdata                               0x0800b2c0   Section      148  lib_str.o(.constdata)
    Str_MultOvfThTbl_Int32U                  0x0800b2c0   Data         148  lib_str.o(.constdata)
    .constdata                               0x0800b354   Section      148  os_cfg_app.o(.constdata)
    .constdata                               0x0800b3e8   Section      364  os_dbg.o(.constdata)
    .constdata                               0x0800b558   Section       88  exp.o(.constdata)
    halF                                     0x0800b558   Data          16  exp.o(.constdata)
    ln2HI                                    0x0800b568   Data          16  exp.o(.constdata)
    ln2LO                                    0x0800b578   Data          16  exp.o(.constdata)
    P                                        0x0800b588   Data          40  exp.o(.constdata)
    .constdata                               0x0800b5b0   Section       48  cos_i.o(.constdata)
    C                                        0x0800b5b0   Data          48  cos_i.o(.constdata)
    .constdata                               0x0800b5e0   Section      200  rred.o(.constdata)
    pio2s                                    0x0800b5e0   Data          48  rred.o(.constdata)
    twooverpi                                0x0800b610   Data         152  rred.o(.constdata)
    .constdata                               0x0800b6a8   Section       40  sin_i.o(.constdata)
    S                                        0x0800b6a8   Data          40  sin_i.o(.constdata)
    .data                                    0x20000000   Section        4  cpu_core.o(.data)
    .data                                    0x20000004   Section        4  lib_math.o(.data)
    .data                                    0x20000008   Section        4  lib_mem.o(.data)
    .data                                    0x2000000c   Section        4  os_cpu_c.o(.data)
    .data                                    0x20000010   Section        8  os_prio.o(.data)
    .data                                    0x20000018   Section      196  os_var.o(.data)
    .data                                    0x200000dc   Section       16  stm32f4xx_rcc.o(.data)
    APBAHBPrescTable                         0x200000dc   Data          16  stm32f4xx_rcc.o(.data)
    .data                                    0x200000ec   Section        4  errno.o(.data)
    _errno                                   0x200000ec   Data           4  errno.o(.data)
    .bss                                     0x200000f0   Section     2944  app.o(.bss)
    AppTaskStartTCB                          0x200000f0   Data         192  app.o(.bss)
    AppTaskStartStk                          0x200001b0   Data         512  app.o(.bss)
    App_TaskEq0FpTCB                         0x200003b0   Data         192  app.o(.bss)
    App_TaskEq0FpStk                         0x20000470   Data        2048  app.o(.bss)
    .bss                                     0x20000c70   Section      364  bsp_int.o(.bss)
    BSP_IntVectTbl                           0x20000c70   Data         364  bsp_int.o(.bss)
    .bss                                     0x20000ddc   Section       16  cpu_core.o(.bss)
    .bss                                     0x20000dec   Section     3092  lib_mem.o(.bss)
    .bss                                     0x20001a00   Section     3456  os_cfg_app.o(.bss)
    .bss                                     0x20002780   Section     1596  os_var.o(.bss)
    STACK                                    0x20002dc0   Section     1024  cstartup.o(STACK)

    Global Symbols

    Symbol Name                              Value     Ov Type        Size  Object(Section)

    BuildAttributes$$THM_ISAv4$E$P$D$K$B$S$7EM$VFPi3$EXTD16$VFPS$VFMA$PE$A:L22UL41UL21$X:L11$S22US41US21$IEEE1$IW$USESV6$~STKCKD$USESV7$~SHL$OTIME$ROPI$IEEEX$EBA8$MICROLIB$REQ8$PRES8$EABIv2 0x00000000   Number         0  anon$$obj.o ABSOLUTE
    __ARM_use_no_argv                        0x00000000   Number         0  app.o ABSOLUTE
    __cpp_initialize__aeabi_                  - Undefined Weak Reference
    __cxa_finalize                            - Undefined Weak Reference
    __decompress                              - Undefined Weak Reference
    _clock_init                               - Undefined Weak Reference
    _microlib_exit                            - Undefined Weak Reference
    __Vectors                                0x08000000   Data           4  cstartup.o(RESET)
    __main                                   0x080001ad   Thumb Code     0  entry.o(.ARM.Collect$$$$00000000)
    _main_stk                                0x080001ad   Thumb Code     0  entry2.o(.ARM.Collect$$$$00000001)
    _main_scatterload                        0x080001b1   Thumb Code     0  entry5.o(.ARM.Collect$$$$00000004)
    __main_after_scatterload                 0x080001b5   Thumb Code     0  entry5.o(.ARM.Collect$$$$00000004)
    _main_clock                              0x080001b5   Thumb Code     0  entry7b.o(.ARM.Collect$$$$00000008)
    _main_cpp_init                           0x080001b5   Thumb Code     0  entry8b.o(.ARM.Collect$$$$0000000A)
    _main_init                               0x080001b5   Thumb Code     0  entry9a.o(.ARM.Collect$$$$0000000B)
    __rt_final_cpp                           0x080001bd   Thumb Code     0  entry10a.o(.ARM.Collect$$$$0000000D)
    __rt_final_exit                          0x080001bd   Thumb Code     0  entry11a.o(.ARM.Collect$$$$0000000F)
    main                                     0x08000637   Thumb Code    86  app.o(.text)
    BSP_Init                                 0x0800072b   Thumb Code   262  bsp.o(.text)
    BSP_CPU_ClkFreq                          0x08000831   Thumb Code    14  bsp.o(.text)
    BSP_Tick_Init                            0x0800083f   Thumb Code    24  bsp.o(.text)
    BSP_LED_Off                              0x08000857   Thumb Code    98  bsp.o(.text)
    BSP_LED_On                               0x080008b9   Thumb Code    98  bsp.o(.text)
    BSP_LED_Toggle                           0x0800091b   Thumb Code   276  bsp.o(.text)
    CPU_TS_TmrInit                           0x08000a2f   Thumb Code    44  bsp.o(.text)
    CPU_TS_TmrRd                             0x08000a5b   Thumb Code     6  bsp.o(.text)
    CPU_TS32_to_uSec                         0x08000a61   Thumb Code    54  bsp.o(.text)
    BSP_IntClr                               0x08000ac9   Thumb Code     2  bsp_int.o(.text)
    BSP_IntDis                               0x08000acb   Thumb Code    20  bsp_int.o(.text)
    BSP_IntDisAll                            0x08000adf   Thumb Code     8  bsp_int.o(.text)
    BSP_IntEn                                0x08000ae7   Thumb Code    20  bsp_int.o(.text)
    BSP_IntVectSet                           0x08000afb   Thumb Code    48  bsp_int.o(.text)
    BSP_IntPrioSet                           0x08000b2b   Thumb Code    54  bsp_int.o(.text)
    BSP_IntInit                              0x08000b63   Thumb Code    22  bsp_int.o(.text)
    BSP_IntHandlerWWDG                       0x08000bb3   Thumb Code    10  bsp_int.o(.text)
    BSP_IntHandlerPVD                        0x08000bbd   Thumb Code    10  bsp_int.o(.text)
    BSP_IntHandlerTAMP_STAMP                 0x08000bc7   Thumb Code    10  bsp_int.o(.text)
    BSP_IntHandlerRTC_WKUP                   0x08000bd1   Thumb Code    10  bsp_int.o(.text)
    BSP_IntHandlerFLASH                      0x08000bdb   Thumb Code    10  bsp_int.o(.text)
    BSP_IntHandlerRCC                        0x08000be5   Thumb Code    10  bsp_int.o(.text)
    BSP_IntHandlerEXTI0                      0x08000bef   Thumb Code    10  bsp_int.o(.text)
    BSP_IntHandlerEXTI1                      0x08000bf9   Thumb Code    10  bsp_int.o(.text)
    BSP_IntHandlerEXTI2                      0x08000c03   Thumb Code    10  bsp_int.o(.text)
    BSP_IntHandlerEXTI3                      0x08000c0d   Thumb Code    10  bsp_int.o(.text)
    BSP_IntHandlerEXTI4                      0x08000c17   Thumb Code    10  bsp_int.o(.text)
    BSP_IntHandlerDMA1_CH0                   0x08000c21   Thumb Code    10  bsp_int.o(.text)
    BSP_IntHandlerDMA1_CH1                   0x08000c2b   Thumb Code    10  bsp_int.o(.text)
    BSP_IntHandlerDMA1_CH2                   0x08000c35   Thumb Code    10  bsp_int.o(.text)
    BSP_IntHandlerDMA1_CH3                   0x08000c3f   Thumb Code    10  bsp_int.o(.text)
    BSP_IntHandlerDMA1_CH4                   0x08000c49   Thumb Code    10  bsp_int.o(.text)
    BSP_IntHandlerDMA1_CH5                   0x08000c53   Thumb Code    10  bsp_int.o(.text)
    BSP_IntHandlerDMA1_CH6                   0x08000c5d   Thumb Code    10  bsp_int.o(.text)
    BSP_IntHandlerADC                        0x08000c67   Thumb Code    10  bsp_int.o(.text)
    BSP_IntHandlerCAN1_TX                    0x08000c71   Thumb Code    10  bsp_int.o(.text)
    BSP_IntHandlerCAN1_RX0                   0x08000c7b   Thumb Code    10  bsp_int.o(.text)
    BSP_IntHandlerCAN1_RX1                   0x08000c85   Thumb Code    10  bsp_int.o(.text)
    BSP_IntHandlerCAN1_SCE                   0x08000c8f   Thumb Code    10  bsp_int.o(.text)
    BSP_IntHandlerEXTI9_5                    0x08000c99   Thumb Code    10  bsp_int.o(.text)
    BSP_IntHandlerTIM1_BRK_TIM9              0x08000ca3   Thumb Code    10  bsp_int.o(.text)
    BSP_IntHandlerTIM1_UP_TIM10              0x08000cad   Thumb Code    10  bsp_int.o(.text)
    BSP_IntHandlerTIM1_TRG_COM_TIM11         0x08000cb7   Thumb Code    10  bsp_int.o(.text)
    BSP_IntHandlerTIM1_CC                    0x08000cc1   Thumb Code    10  bsp_int.o(.text)
    BSP_IntHandlerTIM2                       0x08000ccb   Thumb Code    10  bsp_int.o(.text)
    BSP_IntHandlerTIM3                       0x08000cd5   Thumb Code    10  bsp_int.o(.text)
    BSP_IntHandlerTIM4                       0x08000cdf   Thumb Code    10  bsp_int.o(.text)
    BSP_IntHandlerI2C1_EV                    0x08000ce9   Thumb Code    10  bsp_int.o(.text)
    BSP_IntHandlerI2C1_ER                    0x08000cf3   Thumb Code    10  bsp_int.o(.text)
    BSP_IntHandlerI2C2_EV                    0x08000cfd   Thumb Code    10  bsp_int.o(.text)
    BSP_IntHandlerI2C2_ER                    0x08000d07   Thumb Code    10  bsp_int.o(.text)
    BSP_IntHandlerSPI1                       0x08000d11   Thumb Code    10  bsp_int.o(.text)
    BSP_IntHandlerSPI2                       0x08000d1b   Thumb Code    10  bsp_int.o(.text)
    BSP_IntHandlerUSART1                     0x08000d25   Thumb Code    10  bsp_int.o(.text)
    BSP_IntHandlerUSART2                     0x08000d2f   Thumb Code    10  bsp_int.o(.text)
    BSP_IntHandlerUSART3                     0x08000d39   Thumb Code    10  bsp_int.o(.text)
    BSP_IntHandlerEXTI15_10                  0x08000d43   Thumb Code    10  bsp_int.o(.text)
    BSP_IntHandlerRTCAlarm                   0x08000d4d   Thumb Code    10  bsp_int.o(.text)
    BSP_IntHandlerOTG_FS_WKUP                0x08000d57   Thumb Code    10  bsp_int.o(.text)
    BSP_IntHandlerTIM8_BRK_TIM12             0x08000d61   Thumb Code    10  bsp_int.o(.text)
    BSP_IntHandlerTIM8_UP_TIM13              0x08000d6b   Thumb Code    10  bsp_int.o(.text)
    BSP_IntHandlerTIM8_TRG_COM_TIM14         0x08000d75   Thumb Code    10  bsp_int.o(.text)
    BSP_IntHandlerTIM8_CC                    0x08000d7f   Thumb Code    10  bsp_int.o(.text)
    BSP_IntHandlerDMA1_STREAM7               0x08000d89   Thumb Code    10  bsp_int.o(.text)
    BSP_IntHandlerFSMC                       0x08000d93   Thumb Code    10  bsp_int.o(.text)
    BSP_IntHandlerSDIO                       0x08000d9d   Thumb Code    10  bsp_int.o(.text)
    BSP_IntHandlerTIM5                       0x08000da7   Thumb Code    10  bsp_int.o(.text)
    BSP_IntHandlerSPI3                       0x08000db1   Thumb Code    10  bsp_int.o(.text)
    BSP_IntHandlerUSART4                     0x08000dbb   Thumb Code    10  bsp_int.o(.text)
    BSP_IntHandlerUSART5                     0x08000dc5   Thumb Code    10  bsp_int.o(.text)
    BSP_IntHandlerTIM6_DAC                   0x08000dcf   Thumb Code    10  bsp_int.o(.text)
    BSP_IntHandlerTIM7                       0x08000dd9   Thumb Code    10  bsp_int.o(.text)
    BSP_IntHandlerDMA2_CH0                   0x08000de3   Thumb Code    10  bsp_int.o(.text)
    BSP_IntHandlerDMA2_CH1                   0x08000ded   Thumb Code    10  bsp_int.o(.text)
    BSP_IntHandlerDMA2_CH2                   0x08000df7   Thumb Code    10  bsp_int.o(.text)
    BSP_IntHandlerDMA2_CH3                   0x08000e01   Thumb Code    10  bsp_int.o(.text)
    BSP_IntHandlerDMA2_CH4                   0x08000e0b   Thumb Code    10  bsp_int.o(.text)
    BSP_IntHandlerETH                        0x08000e15   Thumb Code    10  bsp_int.o(.text)
    BSP_IntHandlerETHWakeup                  0x08000e1f   Thumb Code    10  bsp_int.o(.text)
    BSP_IntHandlerCAN2_TX                    0x08000e29   Thumb Code    10  bsp_int.o(.text)
    BSP_IntHandlerCAN2_RX0                   0x08000e33   Thumb Code    10  bsp_int.o(.text)
    BSP_IntHandlerCAN2_RX1                   0x08000e3d   Thumb Code    10  bsp_int.o(.text)
    BSP_IntHandlerCAN2_SCE                   0x08000e47   Thumb Code    10  bsp_int.o(.text)
    BSP_IntHandlerOTG_FS                     0x08000e51   Thumb Code    10  bsp_int.o(.text)
    BSP_IntHandlerDMA2_CH5                   0x08000e5b   Thumb Code    10  bsp_int.o(.text)
    BSP_IntHandlerDMA2_CH6                   0x08000e65   Thumb Code    10  bsp_int.o(.text)
    BSP_IntHandlerDMA2_CH7                   0x08000e6f   Thumb Code    10  bsp_int.o(.text)
    BSP_IntHandlerUSART6                     0x08000e79   Thumb Code    10  bsp_int.o(.text)
    BSP_IntHandlerI2C3_EV                    0x08000e83   Thumb Code    10  bsp_int.o(.text)
    BSP_IntHandlerI2C3_ER                    0x08000e8d   Thumb Code    10  bsp_int.o(.text)
    BSP_IntHandlerOTG_HS_EP1_OUT             0x08000e97   Thumb Code    10  bsp_int.o(.text)
    BSP_IntHandlerOTG_HS_EP1_IN              0x08000ea1   Thumb Code    10  bsp_int.o(.text)
    BSP_IntHandlerOTG_HS_WKUP                0x08000eab   Thumb Code    10  bsp_int.o(.text)
    BSP_IntHandlerOTG_HS                     0x08000eb5   Thumb Code    10  bsp_int.o(.text)
    BSP_IntHandlerDCMI                       0x08000ebf   Thumb Code    10  bsp_int.o(.text)
    BSP_IntHandlerCRYP                       0x08000ec9   Thumb Code    10  bsp_int.o(.text)
    BSP_IntHandlerHASH_RNG                   0x08000ed3   Thumb Code    10  bsp_int.o(.text)
    BSP_IntHandlerFPU                        0x08000edd   Thumb Code    10  bsp_int.o(.text)
    BSP_IntHandlerUART7                      0x08000ee7   Thumb Code    18  bsp_int.o(.text)
    BSP_IntHandlerUART8                      0x08000ef9   Thumb Code    10  bsp_int.o(.text)
    BSP_IntHandlerSPI4                       0x08000f03   Thumb Code    10  bsp_int.o(.text)
    BSP_IntHandlerSPI5                       0x08000f0d   Thumb Code    10  bsp_int.o(.text)
    BSP_IntHandlerSPI6                       0x08000f17   Thumb Code    10  bsp_int.o(.text)
    BSP_IntHandlerSAI1                       0x08000f21   Thumb Code    10  bsp_int.o(.text)
    BSP_IntHandlerLTDC                       0x08000f2b   Thumb Code    10  bsp_int.o(.text)
    BSP_IntHandlerLTDC_ER                    0x08000f35   Thumb Code    10  bsp_int.o(.text)
    BSP_IntHandlerDMA2D                      0x08000f3f   Thumb Code    10  bsp_int.o(.text)
    BSP_PeriphClkFreqGet                     0x08000f49   Thumb Code   390  bsp_periph.o(.text)
    BSP_PeriphEn                             0x080010cf   Thumb Code   434  bsp_periph.o(.text)
    BSP_PeriphDis                            0x08001281   Thumb Code   434  bsp_periph.o(.text)
    Reset_Handler                            0x08001439   Thumb Code    36  cstartup.o(.text)
    App_NMI_ISR                              0x0800145d   Thumb Code     2  cstartup.o(.text)
    App_Fault_ISR                            0x0800145f   Thumb Code     2  cstartup.o(.text)
    App_MemFault_ISR                         0x08001461   Thumb Code     2  cstartup.o(.text)
    App_BusFault_ISR                         0x08001463   Thumb Code     2  cstartup.o(.text)
    App_UsageFault_ISR                       0x08001465   Thumb Code     2  cstartup.o(.text)
    App_Spurious_ISR                         0x08001467   Thumb Code     2  cstartup.o(.text)
    App_Reserved_ISR                         0x08001469   Thumb Code     2  cstartup.o(.text)
    CPU_NameClr                              0x08001479   Thumb Code    42  cpu_core.o(.text)
    CPU_Init                                 0x080014b9   Thumb Code    12  cpu_core.o(.text)
    CPU_SW_Exception                         0x080014c5   Thumb Code     4  cpu_core.o(.text)
    CPU_NameGet                              0x080014c9   Thumb Code    70  cpu_core.o(.text)
    CPU_NameSet                              0x0800150f   Thumb Code    96  cpu_core.o(.text)
    CPU_TS_Get32                             0x0800156f   Thumb Code    12  cpu_core.o(.text)
    CPU_TS_Update                            0x0800157b   Thumb Code     2  cpu_core.o(.text)
    CPU_TS_TmrFreqGet                        0x0800157d   Thumb Code    30  cpu_core.o(.text)
    CPU_TS_TmrFreqSet                        0x0800159b   Thumb Code     6  cpu_core.o(.text)
    CPU_CntLeadZeros08                       0x080015a1   Thumb Code    18  cpu_core.o(.text)
    CPU_CntLeadZeros16                       0x080015b3   Thumb Code    18  cpu_core.o(.text)
    CPU_CntLeadZeros32                       0x080015c5   Thumb Code    18  cpu_core.o(.text)
    CPU_CntLeadZeros64                       0x080015d7   Thumb Code   188  cpu_core.o(.text)
    CPU_CntTrailZeros08                      0x08001693   Thumb Code    22  cpu_core.o(.text)
    CPU_CntTrailZeros16                      0x080016a9   Thumb Code    22  cpu_core.o(.text)
    CPU_CntTrailZeros32                      0x080016bf   Thumb Code    22  cpu_core.o(.text)
    CPU_CntTrailZeros64                      0x080016d5   Thumb Code    62  cpu_core.o(.text)
    CPU_IntDis                               0x08001721   Thumb Code     0  cpu_a.o(.text)
    CPU_IntEn                                0x08001725   Thumb Code     0  cpu_a.o(.text)
    CPU_SR_Save                              0x08001729   Thumb Code     0  cpu_a.o(.text)
    CPU_SR_Restore                           0x08001731   Thumb Code     0  cpu_a.o(.text)
    CPU_WaitForInt                           0x08001737   Thumb Code     0  cpu_a.o(.text)
    CPU_WaitForExcept                        0x0800173b   Thumb Code     0  cpu_a.o(.text)
    CPU_CntLeadZeros                         0x0800173f   Thumb Code     0  cpu_a.o(.text)
    CPU_CntTrailZeros                        0x08001745   Thumb Code     0  cpu_a.o(.text)
    CPU_RevBits                              0x0800174f   Thumb Code     0  cpu_a.o(.text)
    CPU_BitBandClr                           0x08001755   Thumb Code    58  cpu_c.o(.text)
    CPU_BitBandSet                           0x0800178f   Thumb Code    58  cpu_c.o(.text)
    CPU_IntSrcDis                            0x080017c9   Thumb Code   328  cpu_c.o(.text)
    CPU_IntSrcEn                             0x08001911   Thumb Code   328  cpu_c.o(.text)
    CPU_IntSrcPendClr                        0x08001a59   Thumb Code   164  cpu_c.o(.text)
    CPU_IntSrcPrioSet                        0x08001afd   Thumb Code   514  cpu_c.o(.text)
    CPU_IntSrcPrioGet                        0x08001cff   Thumb Code   448  cpu_c.o(.text)
    ASCII_IsAlpha                            0x08001ec9   Thumb Code    48  lib_ascii.o(.text)
    ASCII_IsAlphaNum                         0x08001ef9   Thumb Code    76  lib_ascii.o(.text)
    ASCII_IsLower                            0x08001f45   Thumb Code    20  lib_ascii.o(.text)
    ASCII_IsUpper                            0x08001f59   Thumb Code    20  lib_ascii.o(.text)
    ASCII_IsDig                              0x08001f6d   Thumb Code    20  lib_ascii.o(.text)
    ASCII_IsDigOct                           0x08001f81   Thumb Code    20  lib_ascii.o(.text)
    ASCII_IsDigHex                           0x08001f95   Thumb Code    36  lib_ascii.o(.text)
    ASCII_IsBlank                            0x08001fb9   Thumb Code    20  lib_ascii.o(.text)
    ASCII_IsSpace                            0x08001fcd   Thumb Code    36  lib_ascii.o(.text)
    ASCII_IsPrint                            0x08001ff1   Thumb Code    20  lib_ascii.o(.text)
    ASCII_IsGraph                            0x08002005   Thumb Code    20  lib_ascii.o(.text)
    ASCII_IsPunct                            0x08002019   Thumb Code   134  lib_ascii.o(.text)
    ASCII_IsCtrl                             0x0800209f   Thumb Code    26  lib_ascii.o(.text)
    ASCII_ToLower                            0x080020b9   Thumb Code    32  lib_ascii.o(.text)
    ASCII_ToUpper                            0x080020d9   Thumb Code    32  lib_ascii.o(.text)
    ASCII_Cmp                                0x080020f9   Thumb Code    38  lib_ascii.o(.text)
    Math_RandSetSeed                         0x08002121   Thumb Code    40  lib_math.o(.text)
    Math_Init                                0x08002149   Thumb Code    10  lib_math.o(.text)
    Math_RandSeed                            0x08002153   Thumb Code    18  lib_math.o(.text)
    Math_Rand                                0x08002165   Thumb Code    52  lib_math.o(.text)
    Mem_SegCreate                            0x080021bd   Thumb Code    74  lib_mem.o(.text)
    Mem_Init                                 0x08002207   Thumb Code    54  lib_mem.o(.text)
    Mem_Set                                  0x0800223d   Thumb Code    84  lib_mem.o(.text)
    Mem_Clr                                  0x08002291   Thumb Code    18  lib_mem.o(.text)
    Mem_Move                                 0x080022a3   Thumb Code   186  lib_mem.o(.text)
    Mem_Cmp                                  0x0800235d   Thumb Code   192  lib_mem.o(.text)
    Mem_HeapAlloc                            0x08002525   Thumb Code    56  lib_mem.o(.text)
    Mem_SegRemSizeGet                        0x0800255d   Thumb Code   140  lib_mem.o(.text)
    Mem_HeapGetSizeRem                       0x080025e9   Thumb Code    38  lib_mem.o(.text)
    Mem_SegClr                               0x0800260f   Thumb Code    48  lib_mem.o(.text)
    Mem_SegAlloc                             0x0800263f   Thumb Code    46  lib_mem.o(.text)
    Mem_SegAllocExt                          0x0800266d   Thumb Code    46  lib_mem.o(.text)
    Mem_SegAllocHW                           0x0800269b   Thumb Code    46  lib_mem.o(.text)
    Mem_PoolClr                              0x0800271b   Thumb Code    22  lib_mem.o(.text)
    Mem_PoolCreate                           0x08002731   Thumb Code   362  lib_mem.o(.text)
    Mem_PoolBlkGet                           0x0800289b   Thumb Code    92  lib_mem.o(.text)
    Mem_PoolBlkFree                          0x080028f7   Thumb Code    96  lib_mem.o(.text)
    Mem_PoolBlkGetNbrAvail                   0x08002957   Thumb Code    52  lib_mem.o(.text)
    Mem_DynPoolCreate                        0x08002a9d   Thumb Code    58  lib_mem.o(.text)
    Mem_DynPoolCreateHW                      0x08002ad7   Thumb Code    58  lib_mem.o(.text)
    Mem_DynPoolBlkGet                        0x08002b11   Thumb Code   186  lib_mem.o(.text)
    Mem_DynPoolBlkFree                       0x08002bcb   Thumb Code   122  lib_mem.o(.text)
    Mem_DynPoolBlkNbrAvailGet                0x08002c45   Thumb Code    70  lib_mem.o(.text)
    Str_Len_N                                0x08002c91   Thumb Code    28  lib_str.o(.text)
    Str_Len                                  0x08002cad   Thumb Code    20  lib_str.o(.text)
    Str_Copy_N                               0x08002cc1   Thumb Code    70  lib_str.o(.text)
    Str_Copy                                 0x08002d07   Thumb Code    24  lib_str.o(.text)
    Str_Cat_N                                0x08002d1f   Thumb Code    90  lib_str.o(.text)
    Str_Cat                                  0x08002d79   Thumb Code    24  lib_str.o(.text)
    Str_Cmp_N                                0x08002d91   Thumb Code   156  lib_str.o(.text)
    Str_Cmp                                  0x08002e2d   Thumb Code    24  lib_str.o(.text)
    Str_CmpIgnoreCase_N                      0x08002e45   Thumb Code   264  lib_str.o(.text)
    Str_CmpIgnoreCase                        0x08002f4d   Thumb Code    24  lib_str.o(.text)
    Str_Char_N                               0x08002f65   Thumb Code    74  lib_str.o(.text)
    Str_Char                                 0x08002faf   Thumb Code    24  lib_str.o(.text)
    Str_Char_Last_N                          0x08002fc7   Thumb Code    76  lib_str.o(.text)
    Str_Char_Last                            0x08003013   Thumb Code    24  lib_str.o(.text)
    Str_Char_Replace_N                       0x0800302b   Thumb Code    52  lib_str.o(.text)
    Str_Char_Replace                         0x0800305f   Thumb Code    28  lib_str.o(.text)
    Str_Str_N                                0x0800307b   Thumb Code   182  lib_str.o(.text)
    Str_Str                                  0x08003131   Thumb Code    24  lib_str.o(.text)
    Str_FmtNbr_Int32U                        0x08003323   Thumb Code    46  lib_str.o(.text)
    Str_FmtNbr_Int32S                        0x08003351   Thumb Code    62  lib_str.o(.text)
    Str_ParseNbr_Int32U                      0x0800354d   Thumb Code    30  lib_str.o(.text)
    Str_ParseNbr_Int32S                      0x0800356b   Thumb Code    74  lib_str.o(.text)
    Mem_Copy                                 0x080035b9   Thumb Code     0  lib_mem_a.o(.text)
    OSIdleTaskHook                           0x080037d9   Thumb Code    16  os_cpu_c.o(.text)
    OSInitHook                               0x080037e9   Thumb Code    28  os_cpu_c.o(.text)
    OSStatTaskHook                           0x08003805   Thumb Code    16  os_cpu_c.o(.text)
    OSTaskCreateHook                         0x08003815   Thumb Code    20  os_cpu_c.o(.text)
    OSTaskDelHook                            0x08003829   Thumb Code    20  os_cpu_c.o(.text)
    OSTaskReturnHook                         0x0800383d   Thumb Code    20  os_cpu_c.o(.text)
    OSTaskStkInit                            0x08003851   Thumb Code   600  os_cpu_c.o(.text)
    OSTaskSwHook                             0x08003aa9   Thumb Code   168  os_cpu_c.o(.text)
    OSTimeTickHook                           0x08003b51   Thumb Code    16  os_cpu_c.o(.text)
    OS_CPU_SysTickHandler                    0x08003b61   Thumb Code    52  os_cpu_c.o(.text)
    OS_CPU_SysTickInit                       0x08003b95   Thumb Code   212  os_cpu_c.o(.text)
    OSCfg_Init                               0x08003c69   Thumb Code     2  os_cfg_app.o(.text)
    OS_IdleTask                              0x08003c6d   Thumb Code    58  os_core.o(.text)
    OS_IdleTaskInit                          0x08003ca7   Thumb Code    68  os_core.o(.text)
    OS_RdyListInit                           0x08003ceb   Thumb Code    32  os_core.o(.text)
    OSInit                                   0x08003d0b   Thumb Code   270  os_core.o(.text)
    OSIntEnter                               0x08003e19   Thumb Code    34  os_core.o(.text)
    OSIntExit                                0x08003e3b   Thumb Code   188  os_core.o(.text)
    OSSched                                  0x08003ef7   Thumb Code   134  os_core.o(.text)
    OS_SchedLockTimeMeasStart                0x08003f7d   Thumb Code    20  os_core.o(.text)
    OSSchedLock                              0x08003f91   Thumb Code    88  os_core.o(.text)
    OS_SchedLockTimeMeasStop                 0x08003fe9   Thumb Code    44  os_core.o(.text)
    OSSchedUnlock                            0x08004015   Thumb Code   258  os_core.o(.text)
    OSStart                                  0x08004117   Thumb Code    78  os_core.o(.text)
    OSVersion                                0x08004165   Thumb Code    12  os_core.o(.text)
    OS_PendDbgNameAdd                        0x08004171   Thumb Code    66  os_core.o(.text)
    OS_PendListInsertPrio                    0x080041b3   Thumb Code   102  os_core.o(.text)
    OS_PendDataInit                          0x08004219   Thumb Code    40  os_core.o(.text)
    OS_RdyListRemove                         0x08004241   Thumb Code    86  os_core.o(.text)
    OS_TaskBlock                             0x08004297   Thumb Code    40  os_core.o(.text)
    OS_Pend                                  0x080042bf   Thumb Code   100  os_core.o(.text)
    OS_PendListRemove1                       0x08004323   Thumb Code    66  os_core.o(.text)
    OS_PendListRemove                        0x08004365   Thumb Code    52  os_core.o(.text)
    OS_PendAbort1                            0x08004399   Thumb Code    38  os_core.o(.text)
    OS_RdyListInsertHead                     0x080043bf   Thumb Code    58  os_core.o(.text)
    OS_RdyListInsertTail                     0x080043f9   Thumb Code    56  os_core.o(.text)
    OS_RdyListInsert                         0x08004431   Thumb Code    40  os_core.o(.text)
    OS_PendAbort                             0x08004459   Thumb Code   242  os_core.o(.text)
    OS_PendDbgNameRemove                     0x0800454b   Thumb Code    34  os_core.o(.text)
    OS_PendListChangePrio                    0x0800456d   Thumb Code    58  os_core.o(.text)
    OS_PendListInit                          0x080045a7   Thumb Code    10  os_core.o(.text)
    OS_PendListInsertHead                    0x080045b1   Thumb Code    32  os_core.o(.text)
    OS_PendObjDel1                           0x080045d1   Thumb Code    38  os_core.o(.text)
    OS_PendObjDel                            0x080045f7   Thumb Code   184  os_core.o(.text)
    OS_Post1                                 0x080046af   Thumb Code    44  os_core.o(.text)
    OS_Post                                  0x080046db   Thumb Code   214  os_core.o(.text)
    OS_RdyListMoveHeadToTail                 0x080047b1   Thumb Code    68  os_core.o(.text)
    OS_Dbg_Init                              0x080047f5   Thumb Code   146  os_dbg.o(.text)
    OS_FlagDbgListAdd                        0x0800499d   Thumb Code    38  os_flag.o(.text)
    OSFlagCreate                             0x080049c3   Thumb Code   100  os_flag.o(.text)
    OS_FlagClr                               0x08004a27   Thumb Code    28  os_flag.o(.text)
    OS_FlagDbgListRemove                     0x08004a43   Thumb Code    44  os_flag.o(.text)
    OSFlagDel                                0x08004a6f   Thumb Code   288  os_flag.o(.text)
    OS_FlagBlock                             0x08004b8f   Thumb Code    56  os_flag.o(.text)
    OSFlagPend                               0x08004bc7   Thumb Code  1228  os_flag.o(.text)
    OSFlagPendAbort                          0x08005093   Thumb Code   218  os_flag.o(.text)
    OSFlagPendGetFlagsRdy                    0x0800516d   Thumb Code    50  os_flag.o(.text)
    OS_FlagTaskRdy                           0x0800519f   Thumb Code   114  os_flag.o(.text)
    OS_FlagPost                              0x08005211   Thumb Code   406  os_flag.o(.text)
    OSFlagPost                               0x080053a7   Thumb Code   112  os_flag.o(.text)
    OS_FlagInit                              0x08005417   Thumb Code    14  os_flag.o(.text)
    OS_MemDbgListAdd                         0x08005431   Thumb Code    34  os_mem.o(.text)
    OSMemCreate                              0x08005453   Thumb Code   216  os_mem.o(.text)
    OSMemGet                                 0x0800552b   Thumb Code   100  os_mem.o(.text)
    OSMemPut                                 0x0800558f   Thumb Code   112  os_mem.o(.text)
    OS_MemInit                               0x080055ff   Thumb Code    14  os_mem.o(.text)
    OS_MsgPoolInit                           0x08005619   Thumb Code   110  os_msg.o(.text)
    OS_MsgQFreeAll                           0x08005687   Thumb Code    62  os_msg.o(.text)
    OS_MsgQInit                              0x080056c5   Thumb Code    14  os_msg.o(.text)
    OS_MsgQGet                               0x080056d3   Thumb Code    98  os_msg.o(.text)
    OS_MsgQPut                               0x08005735   Thumb Code   254  os_msg.o(.text)
    OS_MutexDbgListAdd                       0x08005841   Thumb Code    38  os_mutex.o(.text)
    OSMutexCreate                            0x08005867   Thumb Code   102  os_mutex.o(.text)
    OS_MutexClr                              0x080058cd   Thumb Code    34  os_mutex.o(.text)
    OS_MutexGrpPrioFindHighest               0x080058ef   Thumb Code    44  os_mutex.o(.text)
    OS_MutexGrpRemove                        0x0800591b   Thumb Code    28  os_mutex.o(.text)
    OS_MutexDbgListRemove                    0x08005937   Thumb Code    44  os_mutex.o(.text)
    OSMutexDel                               0x08005963   Thumb Code   372  os_mutex.o(.text)
    OS_MutexGrpAdd                           0x08005ad7   Thumb Code     8  os_mutex.o(.text)
    OSMutexPend                              0x08005adf   Thumb Code   488  os_mutex.o(.text)
    OSMutexPendAbort                         0x08005cc7   Thumb Code   294  os_mutex.o(.text)
    OSMutexPost                              0x08005ded   Thumb Code   384  os_mutex.o(.text)
    OS_MutexInit                             0x08005f6d   Thumb Code    14  os_mutex.o(.text)
    OS_MutexGrpPostAll                       0x08005f7b   Thumb Code    96  os_mutex.o(.text)
    OS_PrioInit                              0x08005ff1   Thumb Code    20  os_prio.o(.text)
    OS_PrioGetHighest                        0x08006005   Thumb Code    36  os_prio.o(.text)
    OS_PrioInsert                            0x08006029   Thumb Code    32  os_prio.o(.text)
    OS_PrioRemove                            0x08006049   Thumb Code    32  os_prio.o(.text)
    OS_QDbgListAdd                           0x0800606d   Thumb Code    38  os_q.o(.text)
    OSQCreate                                0x08006093   Thumb Code   114  os_q.o(.text)
    OS_QClr                                  0x08006105   Thumb Code    40  os_q.o(.text)
    OS_QDbgListRemove                        0x0800612d   Thumb Code    44  os_q.o(.text)
    OSQDel                                   0x08006159   Thumb Code   288  os_q.o(.text)
    OSQFlush                                 0x08006279   Thumb Code    88  os_q.o(.text)
    OSQPend                                  0x080062d1   Thumb Code   460  os_q.o(.text)
    OSQPendAbort                             0x0800649d   Thumb Code   218  os_q.o(.text)
    OS_QPost                                 0x08006577   Thumb Code   190  os_q.o(.text)
    OSQPost                                  0x08006635   Thumb Code   144  os_q.o(.text)
    OS_QInit                                 0x080066c5   Thumb Code    14  os_q.o(.text)
    OS_SemDbgListAdd                         0x080066e1   Thumb Code    38  os_sem.o(.text)
    OSSemCreate                              0x08006707   Thumb Code   100  os_sem.o(.text)
    OS_SemClr                                0x0800676b   Thumb Code    28  os_sem.o(.text)
    OS_SemDbgListRemove                      0x08006787   Thumb Code    44  os_sem.o(.text)
    OSSemDel                                 0x080067b3   Thumb Code   288  os_sem.o(.text)
    OSSemPend                                0x080068d3   Thumb Code   388  os_sem.o(.text)
    OSSemPendAbort                           0x08006a57   Thumb Code   254  os_sem.o(.text)
    OS_SemPost                               0x08006b55   Thumb Code   294  os_sem.o(.text)
    OSSemPost                                0x08006c7b   Thumb Code   108  os_sem.o(.text)
    OSSemSet                                 0x08006ce7   Thumb Code   104  os_sem.o(.text)
    OS_SemInit                               0x08006d4f   Thumb Code    14  os_sem.o(.text)
    OSStatReset                              0x08006d69   Thumb Code   262  os_stat.o(.text)
    OSStatTaskCPUUsageInit                   0x08006e6f   Thumb Code   212  os_stat.o(.text)
    OS_StatTask                              0x08006f43   Thumb Code   766  os_stat.o(.text)
    OS_StatTaskInit                          0x08007241   Thumb Code   138  os_stat.o(.text)
    OS_TaskChangePrio                        0x08007311   Thumb Code   232  os_task.o(.text)
    OSTaskChangePrio                         0x080073f9   Thumb Code   156  os_task.o(.text)
    OS_TaskDbgListAdd                        0x08007495   Thumb Code    42  os_task.o(.text)
    OS_TaskInitTCB                           0x080074bf   Thumb Code   176  os_task.o(.text)
    OSTaskCreate                             0x0800756f   Thumb Code   382  os_task.o(.text)
    OS_TaskDbgListRemove                     0x080076ed   Thumb Code   100  os_task.o(.text)
    OSTaskDel                                0x08007751   Thumb Code   380  os_task.o(.text)
    OSTaskQFlush                             0x080078cd   Thumb Code    92  os_task.o(.text)
    OSTaskQPend                              0x08007929   Thumb Code   440  os_task.o(.text)
    OSTaskQPendAbort                         0x08007ae1   Thumb Code   184  os_task.o(.text)
    OS_TaskQPost                             0x08007b99   Thumb Code   220  os_task.o(.text)
    OSTaskQPost                              0x08007c75   Thumb Code    82  os_task.o(.text)
    OSTaskRegGet                             0x08007cc7   Thumb Code    78  os_task.o(.text)
    OSTaskRegGetID                           0x08007d15   Thumb Code    84  os_task.o(.text)
    OSTaskRegSet                             0x08007d69   Thumb Code    78  os_task.o(.text)
    OS_TaskResume                            0x08007db7   Thumb Code   256  os_task.o(.text)
    OSTaskResume                             0x08007eb7   Thumb Code    80  os_task.o(.text)
    OSTaskSemPend                            0x08007f07   Thumb Code   454  os_task.o(.text)
    OSTaskSemPendAbort                       0x080080cd   Thumb Code   196  os_task.o(.text)
    OS_TaskSemPost                           0x08008191   Thumb Code   448  os_task.o(.text)
    OSTaskSemPost                            0x08008351   Thumb Code    62  os_task.o(.text)
    OSTaskSemSet                             0x0800838f   Thumb Code    70  os_task.o(.text)
    OSTaskStkChk                             0x080083d5   Thumb Code   188  os_task.o(.text)
    OS_TaskSuspend                           0x08008491   Thumb Code   272  os_task.o(.text)
    OSTaskSuspend                            0x080085a1   Thumb Code    32  os_task.o(.text)
    OS_TaskInit                              0x080085c1   Thumb Code    18  os_task.o(.text)
    OS_TaskReturn                            0x080085d3   Thumb Code    20  os_task.o(.text)
    OS_TickTask                              0x080087a3   Thumb Code    90  os_tick.o(.text)
    OS_TickTaskInit                          0x080087fd   Thumb Code   142  os_tick.o(.text)
    OS_TickListInsert                        0x0800888b   Thumb Code   134  os_tick.o(.text)
    OS_TickListInsertDly                     0x08008911   Thumb Code   180  os_tick.o(.text)
    OS_TickListRemove                        0x080089c5   Thumb Code   150  os_tick.o(.text)
    OS_TickListResetPeak                     0x08008a5b   Thumb Code     2  os_tick.o(.text)
    OSTimeDly                                0x08008a5d   Thumb Code   156  os_time.o(.text)
    OSTimeDlyHMSM                            0x08008af9   Thumb Code   382  os_time.o(.text)
    OSTimeDlyResume                          0x08008c77   Thumb Code   318  os_time.o(.text)
    OSTimeGet                                0x08008db5   Thumb Code    46  os_time.o(.text)
    OSTimeSet                                0x08008de3   Thumb Code    46  os_time.o(.text)
    OSTimeTick                               0x08008e11   Thumb Code    50  os_time.o(.text)
    OS_TmrDbgListAdd                         0x08008e73   Thumb Code    34  os_tmr.o(.text)
    OSTmrCreate                              0x08008ea9   Thumb Code   150  os_tmr.o(.text)
    OS_TmrClr                                0x08008f3f   Thumb Code    34  os_tmr.o(.text)
    OS_TmrUnlink                             0x08008f61   Thumb Code    58  os_tmr.o(.text)
    OS_TmrDbgListRemove                      0x08008f9b   Thumb Code    44  os_tmr.o(.text)
    OSTmrDel                                 0x08008fc7   Thumb Code   164  os_tmr.o(.text)
    OSTmrRemainGet                           0x0800906b   Thumb Code   136  os_tmr.o(.text)
    OSTmrStart                               0x080090f3   Thumb Code   222  os_tmr.o(.text)
    OSTmrStateGet                            0x080091d1   Thumb Code    80  os_tmr.o(.text)
    OSTmrStop                                0x08009221   Thumb Code   240  os_tmr.o(.text)
    OS_TmrTask                               0x08009311   Thumb Code   134  os_tmr.o(.text)
    OS_TmrInit                               0x08009397   Thumb Code   202  os_tmr.o(.text)
    OS_TmrResetPeak                          0x08009461   Thumb Code     2  os_tmr.o(.text)
    GPIO_DeInit                              0x080094cd   Thumb Code   220  stm32f4xx_gpio.o(.text)
    GPIO_Init                                0x080095a9   Thumb Code   144  stm32f4xx_gpio.o(.text)
    GPIO_StructInit                          0x08009639   Thumb Code    18  stm32f4xx_gpio.o(.text)
    GPIO_PinLockConfig                       0x0800964b   Thumb Code    34  stm32f4xx_gpio.o(.text)
    GPIO_ReadInputDataBit                    0x0800966d   Thumb Code    18  stm32f4xx_gpio.o(.text)
    GPIO_ReadInputData                       0x0800967f   Thumb Code     8  stm32f4xx_gpio.o(.text)
    GPIO_ReadOutputDataBit                   0x08009687   Thumb Code    18  stm32f4xx_gpio.o(.text)
    GPIO_ReadOutputData                      0x08009699   Thumb Code     8  stm32f4xx_gpio.o(.text)
    GPIO_SetBits                             0x080096a1   Thumb Code     4  stm32f4xx_gpio.o(.text)
    GPIO_ResetBits                           0x080096a5   Thumb Code     4  stm32f4xx_gpio.o(.text)
    GPIO_WriteBit                            0x080096a9   Thumb Code    10  stm32f4xx_gpio.o(.text)
    GPIO_Write                               0x080096b3   Thumb Code     4  stm32f4xx_gpio.o(.text)
    GPIO_ToggleBits                          0x080096b7   Thumb Code     8  stm32f4xx_gpio.o(.text)
    GPIO_PinAFConfig                         0x080096bf   Thumb Code    70  stm32f4xx_gpio.o(.text)
    RCC_DeInit                               0x08009729   Thumb Code    60  stm32f4xx_rcc.o(.text)
    RCC_HSEConfig                            0x08009765   Thumb Code    14  stm32f4xx_rcc.o(.text)
    RCC_GetFlagStatus                        0x08009773   Thumb Code    60  stm32f4xx_rcc.o(.text)
    RCC_WaitForHSEStartUp                    0x080097af   Thumb Code    56  stm32f4xx_rcc.o(.text)
    RCC_AdjustHSICalibrationValue            0x080097e7   Thumb Code    20  stm32f4xx_rcc.o(.text)
    RCC_HSICmd                               0x080097fb   Thumb Code     6  stm32f4xx_rcc.o(.text)
    RCC_LSEConfig                            0x08009801   Thumb Code    46  stm32f4xx_rcc.o(.text)
    RCC_LSICmd                               0x0800982f   Thumb Code     6  stm32f4xx_rcc.o(.text)
    RCC_PLLConfig                            0x08009835   Thumb Code    32  stm32f4xx_rcc.o(.text)
    RCC_PLLCmd                               0x08009855   Thumb Code     6  stm32f4xx_rcc.o(.text)
    RCC_PLLI2SConfig                         0x0800985b   Thumb Code    14  stm32f4xx_rcc.o(.text)
    RCC_PLLI2SCmd                            0x08009869   Thumb Code     6  stm32f4xx_rcc.o(.text)
    RCC_ClockSecuritySystemCmd               0x0800986f   Thumb Code     6  stm32f4xx_rcc.o(.text)
    RCC_MCO1Config                           0x08009875   Thumb Code    28  stm32f4xx_rcc.o(.text)
    RCC_MCO2Config                           0x08009891   Thumb Code    28  stm32f4xx_rcc.o(.text)
    RCC_SYSCLKConfig                         0x080098ad   Thumb Code    20  stm32f4xx_rcc.o(.text)
    RCC_GetSYSCLKSource                      0x080098c1   Thumb Code    12  stm32f4xx_rcc.o(.text)
    RCC_HCLKConfig                           0x080098cd   Thumb Code    20  stm32f4xx_rcc.o(.text)
    RCC_PCLK1Config                          0x080098e1   Thumb Code    20  stm32f4xx_rcc.o(.text)
    RCC_PCLK2Config                          0x080098f5   Thumb Code    22  stm32f4xx_rcc.o(.text)
    RCC_GetClocksFreq                        0x0800990b   Thumb Code   222  stm32f4xx_rcc.o(.text)
    RCC_RTCCLKConfig                         0x080099e9   Thumb Code    54  stm32f4xx_rcc.o(.text)
    RCC_RTCCLKCmd                            0x08009a1f   Thumb Code     8  stm32f4xx_rcc.o(.text)
    RCC_BackupResetCmd                       0x08009a27   Thumb Code     8  stm32f4xx_rcc.o(.text)
    RCC_I2SCLKConfig                         0x08009a2f   Thumb Code     6  stm32f4xx_rcc.o(.text)
    RCC_AHB1PeriphClockCmd                   0x08009a35   Thumb Code    34  stm32f4xx_rcc.o(.text)
    RCC_AHB2PeriphClockCmd                   0x08009a57   Thumb Code    34  stm32f4xx_rcc.o(.text)
    RCC_AHB3PeriphClockCmd                   0x08009a79   Thumb Code    34  stm32f4xx_rcc.o(.text)
    RCC_APB1PeriphClockCmd                   0x08009a9b   Thumb Code    34  stm32f4xx_rcc.o(.text)
    RCC_APB2PeriphClockCmd                   0x08009abd   Thumb Code    34  stm32f4xx_rcc.o(.text)
    RCC_AHB1PeriphResetCmd                   0x08009adf   Thumb Code    34  stm32f4xx_rcc.o(.text)
    RCC_AHB2PeriphResetCmd                   0x08009b01   Thumb Code    72  stm32f4xx_rcc.o(.text)
    RCC_AHB3PeriphResetCmd                   0x08009b49   Thumb Code    34  stm32f4xx_rcc.o(.text)
    RCC_APB1PeriphResetCmd                   0x08009b6b   Thumb Code    34  stm32f4xx_rcc.o(.text)
    RCC_APB2PeriphResetCmd                   0x08009b8d   Thumb Code    34  stm32f4xx_rcc.o(.text)
    RCC_AHB1PeriphClockLPModeCmd             0x08009baf   Thumb Code    34  stm32f4xx_rcc.o(.text)
    RCC_AHB2PeriphClockLPModeCmd             0x08009bd1   Thumb Code    34  stm32f4xx_rcc.o(.text)
    RCC_AHB3PeriphClockLPModeCmd             0x08009bf3   Thumb Code    34  stm32f4xx_rcc.o(.text)
    RCC_APB1PeriphClockLPModeCmd             0x08009c15   Thumb Code    34  stm32f4xx_rcc.o(.text)
    RCC_APB2PeriphClockLPModeCmd             0x08009c37   Thumb Code    34  stm32f4xx_rcc.o(.text)
    RCC_ITConfig                             0x08009c59   Thumb Code    34  stm32f4xx_rcc.o(.text)
    RCC_ClearFlag                            0x08009c7b   Thumb Code    18  stm32f4xx_rcc.o(.text)
    RCC_GetITStatus                          0x08009c8d   Thumb Code    22  stm32f4xx_rcc.o(.text)
    RCC_ClearITPendingBit                    0x08009ca3   Thumb Code     8  stm32f4xx_rcc.o(.text)
    __aeabi_uldivmod                         0x08009cb1   Thumb Code    98  uldiv.o(.text)
    __aeabi_dadd                             0x08009d13   Thumb Code   322  dadd.o(.text)
    __aeabi_dsub                             0x08009e55   Thumb Code     6  dadd.o(.text)
    __aeabi_drsub                            0x08009e5b   Thumb Code     6  dadd.o(.text)
    __aeabi_dmul                             0x08009e61   Thumb Code   228  dmul.o(.text)
    __aeabi_ddiv                             0x08009f45   Thumb Code   222  ddiv.o(.text)
    __aeabi_f2d                              0x0800a023   Thumb Code    38  f2d.o(.text)
    __aeabi_cdcmpeq                          0x0800a049   Thumb Code     0  cdcmple.o(.text)
    __aeabi_cdcmple                          0x0800a049   Thumb Code    48  cdcmple.o(.text)
    __aeabi_cdrcmple                         0x0800a079   Thumb Code    48  cdrcmple.o(.text)
    __aeabi_d2f                              0x0800a0a9   Thumb Code    56  d2f.o(.text)
    __aeabi_llsl                             0x0800a0e1   Thumb Code    30  llshl.o(.text)
    _ll_shift_l                              0x0800a0e1   Thumb Code     0  llshl.o(.text)
    __aeabi_llsr                             0x0800a0ff   Thumb Code    32  llushr.o(.text)
    _ll_ushift_r                             0x0800a0ff   Thumb Code     0  llushr.o(.text)
    __aeabi_lasr                             0x0800a11f   Thumb Code    36  llsshr.o(.text)
    _ll_sshift_r                             0x0800a11f   Thumb Code     0  llsshr.o(.text)
    __I$use$fp                               0x0800a143   Thumb Code     0  iusefp.o(.text)
    _float_round                             0x0800a143   Thumb Code    18  fepilogue.o(.text)
    _float_epilogue                          0x0800a155   Thumb Code    92  fepilogue.o(.text)
    _double_round                            0x0800a1b1   Thumb Code    30  depilogue.o(.text)
    _double_epilogue                         0x0800a1cf   Thumb Code   156  depilogue.o(.text)
    __aeabi_i2d                              0x0800a26b   Thumb Code    34  dflti.o(.text)
    __aeabi_d2iz                             0x0800a28d   Thumb Code    62  dfixi.o(.text)
    __scatterload                            0x0800a2cd   Thumb Code    28  init.o(.text)
    __scatterload_rt2                        0x0800a2cd   Thumb Code     0  init.o(.text)
    __aeabi_ui2d                             0x0800a2f1   Thumb Code    26  dfltui.o(.text)
    OS_CPU_FP_Reg_Push                       0x0800a30d   Thumb Code     0  os_cpu_a.o(CODE)
    OS_CPU_FP_Reg_Pop                        0x0800a327   Thumb Code     0  os_cpu_a.o(CODE)
    OSStartHighRdy                           0x0800a339   Thumb Code     0  os_cpu_a.o(CODE)
    OSCtxSw                                  0x0800a3a9   Thumb Code     0  os_cpu_a.o(CODE)
    OSIntCtxSw                               0x0800a3b3   Thumb Code     0  os_cpu_a.o(CODE)
    OS_CPU_PendSVHandler                     0x0800a3bd   Thumb Code     0  os_cpu_a.o(CODE)
    __ARM_fpclassify                         0x0800a419   Thumb Code    48  fpclassify.o(i.__ARM_fpclassify)
    __hardfp_cos                             0x0800a449   Thumb Code   180  cos.o(i.__hardfp_cos)
    __hardfp_exp                             0x0800a511   Thumb Code   714  exp.o(i.__hardfp_exp)
    __hardfp_sin                             0x0800a869   Thumb Code   180  sin.o(i.__hardfp_sin)
    __ieee754_rem_pio2                       0x0800a931   Thumb Code   938  rred.o(i.__ieee754_rem_pio2)
    __kernel_cos                             0x0800ad69   Thumb Code   322  cos_i.o(i.__kernel_cos)
    __kernel_poly                            0x0800aed9   Thumb Code   248  poly.o(i.__kernel_poly)
    __kernel_sin                             0x0800afd1   Thumb Code   280  sin_i.o(i.__kernel_sin)
    __mathlib_dbl_infnan                     0x0800b101   Thumb Code    20  dunder.o(i.__mathlib_dbl_infnan)
    __mathlib_dbl_invalid                    0x0800b119   Thumb Code    24  dunder.o(i.__mathlib_dbl_invalid)
    __mathlib_dbl_overflow                   0x0800b139   Thumb Code    24  dunder.o(i.__mathlib_dbl_overflow)
    __mathlib_dbl_underflow                  0x0800b159   Thumb Code    24  dunder.o(i.__mathlib_dbl_underflow)
    __scatterload_copy                       0x0800b179   Thumb Code    14  handlers.o(i.__scatterload_copy)
    __scatterload_null                       0x0800b187   Thumb Code     2  handlers.o(i.__scatterload_null)
    __scatterload_zeroinit                   0x0800b189   Thumb Code    14  handlers.o(i.__scatterload_zeroinit)
    __set_errno                              0x0800b199   Thumb Code     6  errno.o(i.__set_errno)
    fabs                                     0x0800b1a5   Thumb Code    24  fabs.o(i.fabs)
    CPU_EndiannessTest                       0x0800b2bc   Data           4  cpu_core.o(.constdata)
    OSCfg_IdleTaskStkBasePtr                 0x0800b354   Data           4  os_cfg_app.o(.constdata)
    OSCfg_IdleTaskStkLimit                   0x0800b358   Data           4  os_cfg_app.o(.constdata)
    OSCfg_IdleTaskStkSize                    0x0800b35c   Data           4  os_cfg_app.o(.constdata)
    OSCfg_IdleTaskStkSizeRAM                 0x0800b360   Data           4  os_cfg_app.o(.constdata)
    OSCfg_IntQBasePtr                        0x0800b364   Data           4  os_cfg_app.o(.constdata)
    OSCfg_IntQSize                           0x0800b368   Data           2  os_cfg_app.o(.constdata)
    OSCfg_IntQSizeRAM                        0x0800b36c   Data           4  os_cfg_app.o(.constdata)
    OSCfg_IntQTaskStkBasePtr                 0x0800b370   Data           4  os_cfg_app.o(.constdata)
    OSCfg_IntQTaskStkLimit                   0x0800b374   Data           4  os_cfg_app.o(.constdata)
    OSCfg_IntQTaskStkSize                    0x0800b378   Data           4  os_cfg_app.o(.constdata)
    OSCfg_IntQTaskStkSizeRAM                 0x0800b37c   Data           4  os_cfg_app.o(.constdata)
    OSCfg_ISRStkBasePtr                      0x0800b380   Data           4  os_cfg_app.o(.constdata)
    OSCfg_ISRStkSize                         0x0800b384   Data           4  os_cfg_app.o(.constdata)
    OSCfg_ISRStkSizeRAM                      0x0800b388   Data           4  os_cfg_app.o(.constdata)
    OSCfg_MsgPoolSize                        0x0800b38c   Data           2  os_cfg_app.o(.constdata)
    OSCfg_MsgPoolSizeRAM                     0x0800b390   Data           4  os_cfg_app.o(.constdata)
    OSCfg_MsgPoolBasePtr                     0x0800b394   Data           4  os_cfg_app.o(.constdata)
    OSCfg_StatTaskPrio                       0x0800b398   Data           1  os_cfg_app.o(.constdata)
    OSCfg_StatTaskRate_Hz                    0x0800b39c   Data           4  os_cfg_app.o(.constdata)
    OSCfg_StatTaskStkBasePtr                 0x0800b3a0   Data           4  os_cfg_app.o(.constdata)
    OSCfg_StatTaskStkLimit                   0x0800b3a4   Data           4  os_cfg_app.o(.constdata)
    OSCfg_StatTaskStkSize                    0x0800b3a8   Data           4  os_cfg_app.o(.constdata)
    OSCfg_StatTaskStkSizeRAM                 0x0800b3ac   Data           4  os_cfg_app.o(.constdata)
    OSCfg_StkSizeMin                         0x0800b3b0   Data           4  os_cfg_app.o(.constdata)
    OSCfg_TickRate_Hz                        0x0800b3b4   Data           4  os_cfg_app.o(.constdata)
    OSCfg_TickTaskPrio                       0x0800b3b8   Data           1  os_cfg_app.o(.constdata)
    OSCfg_TickTaskStkBasePtr                 0x0800b3bc   Data           4  os_cfg_app.o(.constdata)
    OSCfg_TickTaskStkLimit                   0x0800b3c0   Data           4  os_cfg_app.o(.constdata)
    OSCfg_TickTaskStkSize                    0x0800b3c4   Data           4  os_cfg_app.o(.constdata)
    OSCfg_TickTaskStkSizeRAM                 0x0800b3c8   Data           4  os_cfg_app.o(.constdata)
    OSCfg_TmrTaskPrio                        0x0800b3cc   Data           1  os_cfg_app.o(.constdata)
    OSCfg_TmrTaskRate_Hz                     0x0800b3d0   Data           4  os_cfg_app.o(.constdata)
    OSCfg_TmrTaskStkBasePtr                  0x0800b3d4   Data           4  os_cfg_app.o(.constdata)
    OSCfg_TmrTaskStkLimit                    0x0800b3d8   Data           4  os_cfg_app.o(.constdata)
    OSCfg_TmrTaskStkSize                     0x0800b3dc   Data           4  os_cfg_app.o(.constdata)
    OSCfg_TmrTaskStkSizeRAM                  0x0800b3e0   Data           4  os_cfg_app.o(.constdata)
    OSCfg_DataSizeRAM                        0x0800b3e4   Data           4  os_cfg_app.o(.constdata)
    OSDbg_DbgEn                              0x0800b3e8   Data           1  os_dbg.o(.constdata)
    OSDbg_ArgChkEn                           0x0800b3e9   Data           1  os_dbg.o(.constdata)
    OSDbg_AppHooksEn                         0x0800b3ea   Data           1  os_dbg.o(.constdata)
    OSDbg_EndiannessTest                     0x0800b3ec   Data           4  os_dbg.o(.constdata)
    OSDbg_CalledFromISRChkEn                 0x0800b3f0   Data           1  os_dbg.o(.constdata)
    OSDbg_FlagEn                             0x0800b3f1   Data           1  os_dbg.o(.constdata)
    OSDbg_FlagGrp                            0x0800b3f4   Data          40  os_dbg.o(.constdata)
    OSDbg_FlagDelEn                          0x0800b41c   Data           1  os_dbg.o(.constdata)
    OSDbg_FlagModeClrEn                      0x0800b41d   Data           1  os_dbg.o(.constdata)
    OSDbg_FlagPendAbortEn                    0x0800b41e   Data           1  os_dbg.o(.constdata)
    OSDbg_FlagGrpSize                        0x0800b420   Data           2  os_dbg.o(.constdata)
    OSDbg_FlagWidth                          0x0800b422   Data           2  os_dbg.o(.constdata)
    OSDbg_IntQ                               0x0800b424   Data           2  os_dbg.o(.constdata)
    OSDbg_ISRPostDeferredEn                  0x0800b426   Data           1  os_dbg.o(.constdata)
    OSDbg_Mem                                0x0800b428   Data          32  os_dbg.o(.constdata)
    OSDbg_MemEn                              0x0800b448   Data           1  os_dbg.o(.constdata)
    OSDbg_MemSize                            0x0800b44a   Data           2  os_dbg.o(.constdata)
    OSDbg_MsgEn                              0x0800b44c   Data           1  os_dbg.o(.constdata)
    OSDbg_MsgSize                            0x0800b44e   Data           2  os_dbg.o(.constdata)
    OSDbg_MsgPoolSize                        0x0800b450   Data           2  os_dbg.o(.constdata)
    OSDbg_MsgQSize                           0x0800b452   Data           2  os_dbg.o(.constdata)
    OSDbg_Mutex                              0x0800b454   Data          48  os_dbg.o(.constdata)
    OSDbg_MutexEn                            0x0800b484   Data           1  os_dbg.o(.constdata)
    OSDbg_MutexDelEn                         0x0800b485   Data           1  os_dbg.o(.constdata)
    OSDbg_MutexPendAbortEn                   0x0800b486   Data           1  os_dbg.o(.constdata)
    OSDbg_MutexSize                          0x0800b488   Data           2  os_dbg.o(.constdata)
    OSDbg_ObjTypeChkEn                       0x0800b48a   Data           1  os_dbg.o(.constdata)
    OSDbg_PendMultiEn                        0x0800b48b   Data           1  os_dbg.o(.constdata)
    OSDbg_PendDataSize                       0x0800b48c   Data           2  os_dbg.o(.constdata)
    OSDbg_PendListSize                       0x0800b48e   Data           2  os_dbg.o(.constdata)
    OSDbg_PendObjSize                        0x0800b490   Data           2  os_dbg.o(.constdata)
    OSDbg_PrioMax                            0x0800b492   Data           2  os_dbg.o(.constdata)
    OSDbg_PrioTblSize                        0x0800b494   Data           2  os_dbg.o(.constdata)
    OSDbg_PtrSize                            0x0800b496   Data           2  os_dbg.o(.constdata)
    OSDbg_Q                                  0x0800b498   Data          48  os_dbg.o(.constdata)
    OSDbg_QEn                                0x0800b4c8   Data           1  os_dbg.o(.constdata)
    OSDbg_QDelEn                             0x0800b4c9   Data           1  os_dbg.o(.constdata)
    OSDbg_QFlushEn                           0x0800b4ca   Data           1  os_dbg.o(.constdata)
    OSDbg_QPendAbortEn                       0x0800b4cb   Data           1  os_dbg.o(.constdata)
    OSDbg_QSize                              0x0800b4cc   Data           2  os_dbg.o(.constdata)
    OSDbg_SchedRoundRobinEn                  0x0800b4ce   Data           1  os_dbg.o(.constdata)
    OSDbg_Sem                                0x0800b4d0   Data          40  os_dbg.o(.constdata)
    OSDbg_SemEn                              0x0800b4f8   Data           1  os_dbg.o(.constdata)
    OSDbg_SemDelEn                           0x0800b4f9   Data           1  os_dbg.o(.constdata)
    OSDbg_SemPendAbortEn                     0x0800b4fa   Data           1  os_dbg.o(.constdata)
    OSDbg_SemSetEn                           0x0800b4fb   Data           1  os_dbg.o(.constdata)
    OSDbg_SemSize                            0x0800b4fc   Data           2  os_dbg.o(.constdata)
    OSDbg_RdyList                            0x0800b4fe   Data           2  os_dbg.o(.constdata)
    OSDbg_RdyListSize                        0x0800b500   Data           4  os_dbg.o(.constdata)
    OSDbg_StkWidth                           0x0800b504   Data           1  os_dbg.o(.constdata)
    OSDbg_StatTaskEn                         0x0800b505   Data           1  os_dbg.o(.constdata)
    OSDbg_StatTaskStkChkEn                   0x0800b506   Data           1  os_dbg.o(.constdata)
    OSDbg_TaskChangePrioEn                   0x0800b507   Data           1  os_dbg.o(.constdata)
    OSDbg_TaskDelEn                          0x0800b508   Data           1  os_dbg.o(.constdata)
    OSDbg_TaskQEn                            0x0800b509   Data           1  os_dbg.o(.constdata)
    OSDbg_TaskQPendAbortEn                   0x0800b50a   Data           1  os_dbg.o(.constdata)
    OSDbg_TaskProfileEn                      0x0800b50b   Data           1  os_dbg.o(.constdata)
    OSDbg_TaskRegTblSize                     0x0800b50c   Data           2  os_dbg.o(.constdata)
    OSDbg_TaskSemPendAbortEn                 0x0800b50e   Data           1  os_dbg.o(.constdata)
    OSDbg_TaskSuspendEn                      0x0800b50f   Data           1  os_dbg.o(.constdata)
    OSDbg_TCBSize                            0x0800b510   Data           2  os_dbg.o(.constdata)
    OSDbg_TickListSize                       0x0800b512   Data           2  os_dbg.o(.constdata)
    OSDbg_TimeDlyHMSMEn                      0x0800b514   Data           1  os_dbg.o(.constdata)
    OSDbg_TimeDlyResumeEn                    0x0800b515   Data           1  os_dbg.o(.constdata)
    OSDbg_TLS_TblSize                        0x0800b516   Data           2  os_dbg.o(.constdata)
    OSDbg_Tmr                                0x0800b518   Data          48  os_dbg.o(.constdata)
    OSDbg_TmrEn                              0x0800b548   Data           1  os_dbg.o(.constdata)
    OSDbg_TmrDelEn                           0x0800b549   Data           1  os_dbg.o(.constdata)
    OSDbg_TmrSize                            0x0800b54a   Data           2  os_dbg.o(.constdata)
    OSDbg_VersionNbr                         0x0800b54c   Data           2  os_dbg.o(.constdata)
    OSDbg_DataSize                           0x0800b550   Data           4  os_dbg.o(.constdata)
    Region$$Table$$Base                      0x0800b6d0   Number         0  anon$$obj.o(Region$$Table)
    Region$$Table$$Limit                     0x0800b6f0   Number         0  anon$$obj.o(Region$$Table)
    CPU_TS_TmrFreq_Hz                        0x20000000   Data           4  cpu_core.o(.data)
    Math_RandSeedCur                         0x20000004   Data           4  lib_math.o(.data)
    Mem_SegHeadPtr                           0x20000008   Data           4  lib_mem.o(.data)
    OS_CPU_ExceptStkBase                     0x2000000c   Data           4  os_cpu_c.o(.data)
    OSPrioTbl                                0x20000010   Data           8  os_prio.o(.data)
    OS_AppTaskCreateHookPtr                  0x20000018   Data           4  os_var.o(.data)
    OS_AppTaskDelHookPtr                     0x2000001c   Data           4  os_var.o(.data)
    OS_AppTaskReturnHookPtr                  0x20000020   Data           4  os_var.o(.data)
    OS_AppIdleTaskHookPtr                    0x20000024   Data           4  os_var.o(.data)
    OS_AppStatTaskHookPtr                    0x20000028   Data           4  os_var.o(.data)
    OS_AppTaskSwHookPtr                      0x2000002c   Data           4  os_var.o(.data)
    OS_AppTimeTickHookPtr                    0x20000030   Data           4  os_var.o(.data)
    OSIdleTaskCtr                            0x20000034   Data           4  os_var.o(.data)
    OSIntNestingCtr                          0x20000038   Data           1  os_var.o(.data)
    OSRunning                                0x20000039   Data           1  os_var.o(.data)
    OSFlagDbgListPtr                         0x2000003c   Data           4  os_var.o(.data)
    OSFlagQty                                0x20000040   Data           2  os_var.o(.data)
    OSMemDbgListPtr                          0x20000044   Data           4  os_var.o(.data)
    OSMemQty                                 0x20000048   Data           2  os_var.o(.data)
    OSMutexDbgListPtr                        0x2000004c   Data           4  os_var.o(.data)
    OSMutexQty                               0x20000050   Data           2  os_var.o(.data)
    OSPrioCur                                0x20000052   Data           1  os_var.o(.data)
    OSPrioHighRdy                            0x20000053   Data           1  os_var.o(.data)
    OSPrioSaved                              0x20000054   Data           1  os_var.o(.data)
    OSQDbgListPtr                            0x20000058   Data           4  os_var.o(.data)
    OSQQty                                   0x2000005c   Data           2  os_var.o(.data)
    OSSchedLockTimeBegin                     0x20000060   Data           4  os_var.o(.data)
    OSSchedLockTimeMax                       0x20000064   Data           4  os_var.o(.data)
    OSSchedLockTimeMaxCur                    0x20000068   Data           4  os_var.o(.data)
    OSSchedLockNestingCtr                    0x2000006c   Data           1  os_var.o(.data)
    OSSemDbgListPtr                          0x20000070   Data           4  os_var.o(.data)
    OSSemQty                                 0x20000074   Data           2  os_var.o(.data)
    OSStatResetFlag                          0x20000076   Data           1  os_var.o(.data)
    OSStatTaskCPUUsage                       0x20000078   Data           2  os_var.o(.data)
    OSStatTaskCPUUsageMax                    0x2000007a   Data           2  os_var.o(.data)
    OSStatTaskCtr                            0x2000007c   Data           4  os_var.o(.data)
    OSStatTaskCtrMax                         0x20000080   Data           4  os_var.o(.data)
    OSStatTaskCtrRun                         0x20000084   Data           4  os_var.o(.data)
    OSStatTaskRdy                            0x20000088   Data           1  os_var.o(.data)
    OSStatTaskTimeMax                        0x2000008c   Data           4  os_var.o(.data)
    OSTaskCtxSwCtr                           0x20000090   Data           4  os_var.o(.data)
    OSTaskDbgListPtr                         0x20000094   Data           4  os_var.o(.data)
    OSTaskQty                                0x20000098   Data           2  os_var.o(.data)
    OSTaskRegNextAvailID                     0x2000009a   Data           1  os_var.o(.data)
    OSTickCtr                                0x2000009c   Data           4  os_var.o(.data)
    OSTickTaskTimeMax                        0x200000a0   Data           4  os_var.o(.data)
    OSTickListDly                            0x200000a4   Data           8  os_var.o(.data)
    OSTickListTimeout                        0x200000ac   Data           8  os_var.o(.data)
    OSTmrDbgListPtr                          0x200000b4   Data           4  os_var.o(.data)
    OSTmrListEntries                         0x200000b8   Data           2  os_var.o(.data)
    OSTmrListPtr                             0x200000bc   Data           4  os_var.o(.data)
    OSTmrQty                                 0x200000c0   Data           2  os_var.o(.data)
    OSTmrTaskTimeMax                         0x200000c4   Data           4  os_var.o(.data)
    OSTmrTickCtr                             0x200000c8   Data           4  os_var.o(.data)
    OSTmrUpdateCnt                           0x200000cc   Data           4  os_var.o(.data)
    OSTmrUpdateCtr                           0x200000d0   Data           4  os_var.o(.data)
    OSTCBCurPtr                              0x200000d4   Data           4  os_var.o(.data)
    OSTCBHighRdyPtr                          0x200000d8   Data           4  os_var.o(.data)
    CPU_Name                                 0x20000ddc   Data          16  cpu_core.o(.bss)
    Mem_Heap                                 0x20000dec   Data        3072  lib_mem.o(.bss)
    Mem_SegHeap                              0x200019ec   Data          20  lib_mem.o(.bss)
    OSCfg_IdleTaskStk                        0x20001a00   Data         256  os_cfg_app.o(.bss)
    OSCfg_ISRStk                             0x20001b00   Data         400  os_cfg_app.o(.bss)
    OSCfg_MsgPool                            0x20001c90   Data        1600  os_cfg_app.o(.bss)
    OSCfg_StatTaskStk                        0x200022d0   Data         400  os_cfg_app.o(.bss)
    OSCfg_TickTaskStk                        0x20002460   Data         400  os_cfg_app.o(.bss)
    OSCfg_TmrTaskStk                         0x200025f0   Data         400  os_cfg_app.o(.bss)
    OSIdleTaskTCB                            0x20002780   Data         192  os_var.o(.bss)
    OSMsgPool                                0x20002840   Data          12  os_var.o(.bss)
    OSRdyList                                0x2000284c   Data         768  os_var.o(.bss)
    OSStatTaskTCB                            0x20002b4c   Data         192  os_var.o(.bss)
    OSTickTaskTCB                            0x20002c0c   Data         192  os_var.o(.bss)
    OSTmrMutex                               0x20002ccc   Data          48  os_var.o(.bss)
    OSTmrTaskTCB                             0x20002cfc   Data         192  os_var.o(.bss)
    __initial_sp                             0x200031c0   Data           0  cstartup.o(STACK)



==============================================================================

Memory Map of the image

  Image Entry point : 0x080001ad

  Load Region LR_IROM1 (Base: 0x08000000, Size: 0x0000b7e0, Max: 0x00080000, ABSOLUTE)

    Execution Region ER_IROM1 (Exec base: 0x08000000, Load base: 0x08000000, Size: 0x0000b6f0, Max: 0x00080000, ABSOLUTE)

    Exec Addr    Load Addr    Size         Type   Attr      Idx    E Section Name        Object

    0x08000000   0x08000000   0x000001ac   Data   RO          311    RESET               cstartup.o
    0x080001ac   0x080001ac   0x00000000   Code   RO         1488  * .ARM.Collect$$$$00000000  mc_w.l(entry.o)
    0x080001ac   0x080001ac   0x00000004   Code   RO         1540    .ARM.Collect$$$$00000001  mc_w.l(entry2.o)
    0x080001b0   0x080001b0   0x00000004   Code   RO         1543    .ARM.Collect$$$$00000004  mc_w.l(entry5.o)
    0x080001b4   0x080001b4   0x00000000   Code   RO         1545    .ARM.Collect$$$$00000008  mc_w.l(entry7b.o)
    0x080001b4   0x080001b4   0x00000000   Code   RO         1547    .ARM.Collect$$$$0000000A  mc_w.l(entry8b.o)
    0x080001b4   0x080001b4   0x00000008   Code   RO         1548    .ARM.Collect$$$$0000000B  mc_w.l(entry9a.o)
    0x080001bc   0x080001bc   0x00000000   Code   RO         1550    .ARM.Collect$$$$0000000D  mc_w.l(entry10a.o)
    0x080001bc   0x080001bc   0x00000000   Code   RO         1552    .ARM.Collect$$$$0000000F  mc_w.l(entry11a.o)
    0x080001bc   0x080001bc   0x00000004   Code   RO         1541    .ARM.Collect$$$$00002712  mc_w.l(entry2.o)
    0x080001c0   0x080001c0   0x000004e8   Code   RO            3    .text               app.o
    0x080006a8   0x080006a8   0x00000420   Code   RO          225    .text               bsp.o
    0x08000ac8   0x08000ac8   0x00000480   Code   RO          269    .text               bsp_int.o
    0x08000f48   0x08000f48   0x000004f0   Code   RO          291    .text               bsp_periph.o
    0x08001438   0x08001438   0x00000040   Code   RO          312    .text               cstartup.o
    0x08001478   0x08001478   0x000002a8   Code   RO          316    .text               cpu_core.o
    0x08001720   0x08001720   0x00000034   Code   RO          336    .text               cpu_a.o
    0x08001754   0x08001754   0x00000774   Code   RO          339    .text               cpu_c.o
    0x08001ec8   0x08001ec8   0x00000256   Code   RO          351    .text               lib_ascii.o
    0x0800211e   0x0800211e   0x00000002   PAD
    0x08002120   0x08002120   0x00000080   Code   RO          369    .text               lib_math.o
    0x080021a0   0x080021a0   0x00000af0   Code   RO          396    .text               lib_mem.o
    0x08002c90   0x08002c90   0x00000928   Code   RO          418    .text               lib_str.o
    0x080035b8   0x080035b8   0x00000220   Code   RO          435    .text               lib_mem_a.o
    0x080037d8   0x080037d8   0x00000490   Code   RO          441    .text               os_cpu_c.o
    0x08003c68   0x08003c68   0x00000002   Code   RO          466    .text               os_cfg_app.o
    0x08003c6a   0x08003c6a   0x00000002   PAD
    0x08003c6c   0x08003c6c   0x00000b88   Code   RO          489    .text               os_core.o
    0x080047f4   0x080047f4   0x000001a8   Code   RO          501    .text               os_dbg.o
    0x0800499c   0x0800499c   0x00000a94   Code   RO          516    .text               os_flag.o
    0x08005430   0x08005430   0x000001e8   Code   RO          534    .text               os_mem.o
    0x08005618   0x08005618   0x00000228   Code   RO          546    .text               os_msg.o
    0x08005840   0x08005840   0x000007b0   Code   RO          558    .text               os_mutex.o
    0x08005ff0   0x08005ff0   0x0000007c   Code   RO          576    .text               os_prio.o
    0x0800606c   0x0800606c   0x00000674   Code   RO          595    .text               os_q.o
    0x080066e0   0x080066e0   0x00000688   Code   RO          607    .text               os_sem.o
    0x08006d68   0x08006d68   0x000005a8   Code   RO          619    .text               os_stat.o
    0x08007310   0x08007310   0x000012f0   Code   RO          631    .text               os_task.o
    0x08008600   0x08008600   0x0000045c   Code   RO          643    .text               os_tick.o
    0x08008a5c   0x08008a5c   0x00000408   Code   RO          655    .text               os_time.o
    0x08008e64   0x08008e64   0x00000668   Code   RO          667    .text               os_tmr.o
    0x080094cc   0x080094cc   0x0000025c   Code   RO         1103    .text               stm32f4xx_gpio.o
    0x08009728   0x08009728   0x00000588   Code   RO         1252    .text               stm32f4xx_rcc.o
    0x08009cb0   0x08009cb0   0x00000062   Code   RO         1491    .text               mc_w.l(uldiv.o)
    0x08009d12   0x08009d12   0x0000014e   Code   RO         1493    .text               mf_w.l(dadd.o)
    0x08009e60   0x08009e60   0x000000e4   Code   RO         1495    .text               mf_w.l(dmul.o)
    0x08009f44   0x08009f44   0x000000de   Code   RO         1497    .text               mf_w.l(ddiv.o)
    0x0800a022   0x0800a022   0x00000026   Code   RO         1499    .text               mf_w.l(f2d.o)
    0x0800a048   0x0800a048   0x00000030   Code   RO         1501    .text               mf_w.l(cdcmple.o)
    0x0800a078   0x0800a078   0x00000030   Code   RO         1503    .text               mf_w.l(cdrcmple.o)
    0x0800a0a8   0x0800a0a8   0x00000038   Code   RO         1505    .text               mf_w.l(d2f.o)
    0x0800a0e0   0x0800a0e0   0x0000001e   Code   RO         1554    .text               mc_w.l(llshl.o)
    0x0800a0fe   0x0800a0fe   0x00000020   Code   RO         1556    .text               mc_w.l(llushr.o)
    0x0800a11e   0x0800a11e   0x00000024   Code   RO         1558    .text               mc_w.l(llsshr.o)
    0x0800a142   0x0800a142   0x00000000   Code   RO         1567    .text               mc_w.l(iusefp.o)
    0x0800a142   0x0800a142   0x0000006e   Code   RO         1568    .text               mf_w.l(fepilogue.o)
    0x0800a1b0   0x0800a1b0   0x000000ba   Code   RO         1570    .text               mf_w.l(depilogue.o)
    0x0800a26a   0x0800a26a   0x00000022   Code   RO         1574    .text               mf_w.l(dflti.o)
    0x0800a28c   0x0800a28c   0x0000003e   Code   RO         1576    .text               mf_w.l(dfixi.o)
    0x0800a2ca   0x0800a2ca   0x00000002   PAD
    0x0800a2cc   0x0800a2cc   0x00000024   Code   RO         1584    .text               mc_w.l(init.o)
    0x0800a2f0   0x0800a2f0   0x0000001a   Code   RO         1586    .text               mf_w.l(dfltui.o)
    0x0800a30a   0x0800a30a   0x00000002   PAD
    0x0800a30c   0x0800a30c   0x0000010c   Code   RO          438    CODE                os_cpu_a.o
    0x0800a418   0x0800a418   0x00000030   Code   RO         1524    i.__ARM_fpclassify  m_wm.l(fpclassify.o)
    0x0800a448   0x0800a448   0x000000c8   Code   RO         1450    i.__hardfp_cos      m_wm.l(cos.o)
    0x0800a510   0x0800a510   0x00000358   Code   RO         1462    i.__hardfp_exp      m_wm.l(exp.o)
    0x0800a868   0x0800a868   0x000000c8   Code   RO         1476    i.__hardfp_sin      m_wm.l(sin.o)
    0x0800a930   0x0800a930   0x00000438   Code   RO         1529    i.__ieee754_rem_pio2  m_wm.l(rred.o)
    0x0800ad68   0x0800ad68   0x00000170   Code   RO         1507    i.__kernel_cos      m_wm.l(cos_i.o)
    0x0800aed8   0x0800aed8   0x000000f8   Code   RO         1526    i.__kernel_poly     m_wm.l(poly.o)
    0x0800afd0   0x0800afd0   0x00000130   Code   RO         1534    i.__kernel_sin      m_wm.l(sin_i.o)
    0x0800b100   0x0800b100   0x00000014   Code   RO         1511    i.__mathlib_dbl_infnan  m_wm.l(dunder.o)
    0x0800b114   0x0800b114   0x00000004   PAD
    0x0800b118   0x0800b118   0x00000020   Code   RO         1513    i.__mathlib_dbl_invalid  m_wm.l(dunder.o)
    0x0800b138   0x0800b138   0x00000020   Code   RO         1514    i.__mathlib_dbl_overflow  m_wm.l(dunder.o)
    0x0800b158   0x0800b158   0x00000020   Code   RO         1516    i.__mathlib_dbl_underflow  m_wm.l(dunder.o)
    0x0800b178   0x0800b178   0x0000000e   Code   RO         1590    i.__scatterload_copy  mc_w.l(handlers.o)
    0x0800b186   0x0800b186   0x00000002   Code   RO         1591    i.__scatterload_null  mc_w.l(handlers.o)
    0x0800b188   0x0800b188   0x0000000e   Code   RO         1592    i.__scatterload_zeroinit  mc_w.l(handlers.o)
    0x0800b196   0x0800b196   0x00000002   PAD
    0x0800b198   0x0800b198   0x0000000c   Code   RO         1562    i.__set_errno       mc_w.l(errno.o)
    0x0800b1a4   0x0800b1a4   0x00000018   Code   RO         1580    i.fabs              m_wm.l(fabs.o)
    0x0800b1bc   0x0800b1bc   0x00000104   Data   RO          318    .constdata          cpu_core.o
    0x0800b2c0   0x0800b2c0   0x00000094   Data   RO          419    .constdata          lib_str.o
    0x0800b354   0x0800b354   0x00000094   Data   RO          468    .constdata          os_cfg_app.o
    0x0800b3e8   0x0800b3e8   0x0000016c   Data   RO          502    .constdata          os_dbg.o
    0x0800b554   0x0800b554   0x00000004   PAD
    0x0800b558   0x0800b558   0x00000058   Data   RO         1465    .constdata          m_wm.l(exp.o)
    0x0800b5b0   0x0800b5b0   0x00000030   Data   RO         1508    .constdata          m_wm.l(cos_i.o)
    0x0800b5e0   0x0800b5e0   0x000000c8   Data   RO         1531    .constdata          m_wm.l(rred.o)
    0x0800b6a8   0x0800b6a8   0x00000028   Data   RO         1535    .constdata          m_wm.l(sin_i.o)
    0x0800b6d0   0x0800b6d0   0x00000020   Data   RO         1588    Region$$Table       anon$$obj.o


    Execution Region RW_IRAM1 (Exec base: 0x20000000, Load base: 0x0800b6f0, Size: 0x000031c0, Max: 0x00020000, ABSOLUTE)

    Exec Addr    Load Addr    Size         Type   Attr      Idx    E Section Name        Object

    0x20000000   0x0800b6f0   0x00000004   Data   RW          319    .data               cpu_core.o
    0x20000004   0x0800b6f4   0x00000004   Data   RW          370    .data               lib_math.o
    0x20000008   0x0800b6f8   0x00000004   Data   RW          398    .data               lib_mem.o
    0x2000000c   0x0800b6fc   0x00000004   Data   RW          442    .data               os_cpu_c.o
    0x20000010   0x0800b700   0x00000008   Data   RW          577    .data               os_prio.o
    0x20000018   0x0800b708   0x000000c4   Data   RW          680    .data               os_var.o
    0x200000dc   0x0800b7cc   0x00000010   Data   RW         1253    .data               stm32f4xx_rcc.o
    0x200000ec   0x0800b7dc   0x00000004   Data   RW         1563    .data               mc_w.l(errno.o)
    0x200000f0        -       0x00000b80   Zero   RW            4    .bss                app.o
    0x20000c70        -       0x0000016c   Zero   RW          270    .bss                bsp_int.o
    0x20000ddc        -       0x00000010   Zero   RW          317    .bss                cpu_core.o
    0x20000dec        -       0x00000c14   Zero   RW          397    .bss                lib_mem.o
    0x20001a00        -       0x00000d80   Zero   RW          467    .bss                os_cfg_app.o
    0x20002780        -       0x0000063c   Zero   RW          679    .bss                os_var.o
    0x20002dbc   0x0800b7e0   0x00000004   PAD
    0x20002dc0        -       0x00000400   Zero   RW          309    STACK               cstartup.o


==============================================================================

Image component sizes


      Code (inc. data)   RO Data    RW Data    ZI Data      Debug   Object Name

      1256        100          0          0       2944     261746   app.o
      1056         68          0          0          0      11989   bsp.o
      1152          8          0          0        364      15129   bsp_int.o
      1264        274          0          0          0       1526   bsp_periph.o
        52          0          0          0          0        392   cpu_a.o
      1908        104          0          0          0       3653   cpu_c.o
       680         14        260          4         16       7287   cpu_core.o
        64         14        428          0       1024        740   cstartup.o
       598          0          0          0          0      15208   lib_ascii.o
       128          8          0          4          0       2476   lib_math.o
      2800         90          0          4       3092      26236   lib_mem.o
       544          0          0          0          0        540   lib_mem_a.o
      2344          4        148          0          0      14086   lib_str.o
         0          0          0          0          0      18230   os_app_hooks.o
         2          0        148          0       3456      19487   os_cfg_app.o
      2952        214          0          0          0      11189   os_core.o
       268         14          0          0          0        484   os_cpu_a.o
      1168        168          0          4          0      22795   os_cpu_c.o
       424        278        364          0          0       4925   os_dbg.o
      2708         70          0          0          0       7947   os_flag.o
       488         12          0          0          0       3000   os_mem.o
       552         14          0          0          0       2878   os_msg.o
      1968         58          0          0          0       6865   os_mutex.o
       124          4          0          8          0       2100   os_prio.o
      1652         46          0          0          0       6440   os_q.o
      1672         48          0          0          0       6500   os_sem.o
      1448        150          0          0          0       2945   os_stat.o
      4848        158          0          0          0      13644   os_task.o
      1116         60          0          0          0       4056   os_tick.o
      1032         42          0          0          0       3293   os_time.o
      1640        142          0          0          0       6339   os_tmr.o
         0          0          0        196       1596      18032   os_var.o
       604         36          0          0          0      10677   stm32f4xx_gpio.o
      1416         48          0         16          0      24211   stm32f4xx_rcc.o

    ----------------------------------------------------------------------
     39932       2246       1384        236      12496     557045   Object Totals
         0          0         32          0          0          0   (incl. Generated)
         4          0          4          0          4          0   (incl. Padding)

    ----------------------------------------------------------------------

      Code (inc. data)   RO Data    RW Data    ZI Data      Debug   Library Member Name

       200         20          0          0          0        164   cos.o
       368         46         48          0          0        200   cos_i.o
       116         24          0          0          0        496   dunder.o
       856        142         88          0          0        288   exp.o
        24          0          0          0          0        124   fabs.o
        48          0          0          0          0        124   fpclassify.o
       248          0          0          0          0        152   poly.o
      1080        142        200          0          0        188   rred.o
       200         20          0          0          0        164   sin.o
       304         24         40          0          0        208   sin_i.o
         0          0          0          0          0          0   entry.o
         0          0          0          0          0          0   entry10a.o
         0          0          0          0          0          0   entry11a.o
         8          4          0          0          0          0   entry2.o
         4          0          0          0          0          0   entry5.o
         0          0          0          0          0          0   entry7b.o
         0          0          0          0          0          0   entry8b.o
         8          4          0          0          0          0   entry9a.o
        12          6          0          4          0         68   errno.o
        30          0          0          0          0          0   handlers.o
        36          8          0          0          0         68   init.o
         0          0          0          0          0          0   iusefp.o
        30          0          0          0          0         68   llshl.o
        36          0          0          0          0         68   llsshr.o
        32          0          0          0          0         68   llushr.o
        98          0          0          0          0         92   uldiv.o
        48          0          0          0          0         68   cdcmple.o
        48          0          0          0          0         68   cdrcmple.o
        56          0          0          0          0         88   d2f.o
       334          0          0          0          0        148   dadd.o
       222          0          0          0          0        100   ddiv.o
       186          0          0          0          0        176   depilogue.o
        62          0          0          0          0         80   dfixi.o
        34          0          0          0          0         76   dflti.o
        26          0          0          0          0         76   dfltui.o
       228          0          0          0          0         96   dmul.o
        38          0          0          0          0         68   f2d.o
       110          0          0          0          0        168   fepilogue.o

    ----------------------------------------------------------------------
      5140        440        376          4          0       3752   Library Totals
        10          0          0          0          0          0   (incl. Padding)

    ----------------------------------------------------------------------

      Code (inc. data)   RO Data    RW Data    ZI Data      Debug   Library Name

      3444        418        376          0          0       2108   m_wm.l
       294         22          0          4          0        432   mc_w.l
      1392          0          0          0          0       1212   mf_w.l

    ----------------------------------------------------------------------
      5140        440        376          4          0       3752   Library Totals

    ----------------------------------------------------------------------

==============================================================================


      Code (inc. data)   RO Data    RW Data    ZI Data      Debug   

     45072       2686       1760        240      12496     551921   Grand Totals
     45072       2686       1760        240      12496     551921   ELF Image Totals
     45072       2686       1760        240          0          0   ROM Totals

==============================================================================

    Total RO  Size (Code + RO Data)                46832 (  45.73kB)
    Total RW  Size (RW Data + ZI Data)             12736 (  12.44kB)
    Total ROM Size (Code + RO Data + RW Data)      47072 (  45.97kB)

==============================================================================

